Component: Arm Compiler for Embedded 6.21 Tool: armlink [5ec1fa00]

==============================================================================

Section Cross References

    main.o(.text.lock) refers to main.o(.bss.xLockSemaphore) for xLockSemaphore
    main.o(.text.lock) refers to queue.o(.text.xQueueSemaphoreTake) for xQueueSemaphoreTake
    main.o(.text.lock) refers to main.o(.bss.DriverHandle) for DriverHandle
    main.o(.text.lock) refers to tasks.o(.text.vTaskPrioritySet) for vTaskPrioritySet
    main.o(.ARM.exidx.text.lock) refers to main.o(.text.lock) for [Anonymous Symbol]
    main.o(.text.jamTask) refers to main.o(.bss.xBinarySemaphore) for xBinarySemaphore
    main.o(.text.jamTask) refers to queue.o(.text.xQueueSemaphoreTake) for xQueueSemaphoreTake
    main.o(.ARM.exidx.text.jamTask) refers to main.o(.text.jamTask) for [Anonymous Symbol]
    main.o(.ARM.exidx.text.timer0_Delay) refers to main.o(.text.timer0_Delay) for [Anonymous Symbol]
    main.o(.text.recieveQueue) refers to main.o(.bss.xQueue) for xQueue
    main.o(.text.recieveQueue) refers to queue.o(.text.xQueueReceive) for xQueueReceive
    main.o(.ARM.exidx.text.recieveQueue) refers to main.o(.text.recieveQueue) for [Anonymous Symbol]
    main.o(.text.driver) refers to main.o(.bss.xMutex) for xMutex
    main.o(.text.driver) refers to main.o(.bss.xQueue) for xQueue
    main.o(.text.driver) refers to queue.o(.text.xQueueSemaphoreTake) for xQueueSemaphoreTake
    main.o(.text.driver) refers to queue.o(.text.xQueueGenericSend) for xQueueGenericSend
    main.o(.text.driver) refers to tasks.o(.text.vTaskDelay) for vTaskDelay
    main.o(.ARM.exidx.text.driver) refers to main.o(.text.driver) for [Anonymous Symbol]
    main.o(.text.passenger) refers to main.o(.bss.xMutex) for xMutex
    main.o(.text.passenger) refers to main.o(.bss.xQueue) for xQueue
    main.o(.text.passenger) refers to main.o(.bss.DriverHandle) for DriverHandle
    main.o(.text.passenger) refers to queue.o(.text.xQueueGenericSend) for xQueueGenericSend
    main.o(.text.passenger) refers to tasks.o(.text.vTaskDelay) for vTaskDelay
    main.o(.text.passenger) refers to queue.o(.text.xQueueSemaphoreTake) for xQueueSemaphoreTake
    main.o(.text.passenger) refers to tasks.o(.text.uxTaskPriorityGet) for uxTaskPriorityGet
    main.o(.ARM.exidx.text.passenger) refers to main.o(.text.passenger) for [Anonymous Symbol]
    main.o(.text.main) refers to queue.o(.text.xQueueGenericCreate) for xQueueGenericCreate
    main.o(.text.main) refers to main.o(.bss.xQueue) for xQueue
    main.o(.text.main) refers to queue.o(.text.xQueueCreateMutex) for xQueueCreateMutex
    main.o(.text.main) refers to main.o(.bss.xMutex) for xMutex
    main.o(.text.main) refers to main.o(.bss.xBinarySemaphore) for xBinarySemaphore
    main.o(.text.main) refers to queue.o(.text.xQueueGenericSend) for xQueueGenericSend
    main.o(.text.main) refers to main.o(.bss.xLockSemaphore) for xLockSemaphore
    main.o(.text.main) refers to main.o(.text.jamTask) for jamTask
    main.o(.text.main) refers to tasks.o(.text.xTaskCreate) for xTaskCreate
    main.o(.text.main) refers to main.o(.text.recieveQueue) for recieveQueue
    main.o(.text.main) refers to main.o(.text.passenger) for passenger
    main.o(.text.main) refers to main.o(.bss.DriverHandle) for DriverHandle
    main.o(.text.main) refers to main.o(.text.driver) for driver
    main.o(.text.main) refers to main.o(.text.lock) for lock
    main.o(.text.main) refers to tasks.o(.text.vTaskStartScheduler) for vTaskStartScheduler
    main.o(.ARM.exidx.text.main) refers to main.o(.text.main) for [Anonymous Symbol]
    main.o(.ARM.exidx.text.INTERRUPTSInit) refers to main.o(.text.INTERRUPTSInit) for [Anonymous Symbol]
    main.o(.ARM.exidx.text.buttonsInit) refers to main.o(.text.buttonsInit) for [Anonymous Symbol]
    main.o(.ARM.exidx.text.limitInit) refers to main.o(.text.limitInit) for [Anonymous Symbol]
    main.o(.ARM.exidx.text.motorInit) refers to main.o(.text.motorInit) for [Anonymous Symbol]
    main.o(.ARM.exidx.text.timer0Init) refers to main.o(.text.timer0Init) for [Anonymous Symbol]
    main.o(.text.GPIOA_Handler) refers to main.o(.bss.xBinarySemaphore) for xBinarySemaphore
    main.o(.text.GPIOA_Handler) refers to main.o(.bss.xLockSemaphore) for xLockSemaphore
    main.o(.text.GPIOA_Handler) refers to queue.o(.text.xQueueGiveFromISR) for xQueueGiveFromISR
    main.o(.ARM.exidx.text.GPIOA_Handler) refers to main.o(.text.GPIOA_Handler) for [Anonymous Symbol]
    startup_tm4c123.o(STACK) refers (Special) to heapauxi.o(.text) for __use_two_region_memory
    startup_tm4c123.o(HEAP) refers (Special) to heapauxi.o(.text) for __use_two_region_memory
    startup_tm4c123.o(RESET) refers (Special) to heapauxi.o(.text) for __use_two_region_memory
    startup_tm4c123.o(RESET) refers to startup_tm4c123.o(STACK) for __initial_sp
    startup_tm4c123.o(RESET) refers to startup_tm4c123.o(.text) for Reset_Handler
[...]
    Removing tasks.o(.ARM.exidx.text.xTaskIncrementTick), (8 bytes).
    Removing tasks.o(.ARM.exidx.text.xTaskGetTickCount), (8 bytes).
    Removing tasks.o(.text.xTaskGetTickCountFromISR), (44 bytes).
    Removing tasks.o(.ARM.exidx.text.xTaskGetTickCountFromISR), (8 bytes).
    Removing tasks.o(.ARM.exidx.text.uxTaskGetNumberOfTasks), (8 bytes).
    Removing tasks.o(.text.pcTaskGetName), (38 bytes).
    Removing tasks.o(.ARM.exidx.text.pcTaskGetName), (8 bytes).
    Removing tasks.o(.text.xTaskGetStaticBuffers), (90 bytes).
    Removing tasks.o(.ARM.exidx.text.xTaskGetStaticBuffers), (8 bytes).
    Removing tasks.o(.text.xTaskCatchUpTicks), (78 bytes).
    Removing tasks.o(.ARM.exidx.text.xTaskCatchUpTicks), (8 bytes).
    Removing tasks.o(.ARM.exidx.text.vTaskPlaceOnEventList), (8 bytes).
    Removing tasks.o(.text.vTaskPlaceOnUnorderedEventList), (146 bytes).
    Removing tasks.o(.ARM.exidx.text.vTaskPlaceOnUnorderedEventList), (8 bytes).
    Removing tasks.o(.ARM.exidx.text.vTaskPlaceOnEventListRestricted), (8 bytes).
    Removing tasks.o(.ARM.exidx.text.xTaskRemoveFromEventList), (8 bytes).
    Removing tasks.o(.text.vTaskRemoveFromUnorderedEventList), (246 bytes).
    Removing tasks.o(.ARM.exidx.text.vTaskRemoveFromUnorderedEventList), (8 bytes).
    Removing tasks.o(.text.vTaskSetTimeOutState), (66 bytes).
    Removing tasks.o(.ARM.exidx.text.vTaskSetTimeOutState), (8 bytes).
    Removing tasks.o(.ARM.exidx.text.vTaskInternalSetTimeOutState), (8 bytes).
    Removing tasks.o(.ARM.exidx.text.xTaskCheckForTimeOut), (8 bytes).
    Removing tasks.o(.ARM.exidx.text.vTaskMissedYield), (8 bytes).
    Removing tasks.o(.text.xTaskGetCurrentTaskHandle), (12 bytes).
    Removing tasks.o(.ARM.exidx.text.xTaskGetCurrentTaskHandle), (8 bytes).
    Removing tasks.o(.text.xTaskGetCurrentTaskHandleForCore), (20 bytes).
    Removing tasks.o(.ARM.exidx.text.xTaskGetCurrentTaskHandleForCore), (8 bytes).
    Removing tasks.o(.ARM.exidx.text.xTaskGetSchedulerState), (8 bytes).
    Removing tasks.o(.ARM.exidx.text.xTaskPriorityInherit), (8 bytes).
    Removing tasks.o(.ARM.exidx.text.xTaskPriorityDisinherit), (8 bytes).
    Removing tasks.o(.ARM.exidx.text.vTaskPriorityDisinheritAfterTimeout), (8 bytes).
    Removing tasks.o(.text.uxTaskResetEventItemValue), (44 bytes).
    Removing tasks.o(.ARM.exidx.text.uxTaskResetEventItemValue), (8 bytes).
    Removing tasks.o(.ARM.exidx.text.pvTaskIncrementMutexHeldCount), (8 bytes).
    Removing tasks.o(.text.ulTaskGenericNotifyTake), (212 bytes).
    Removing tasks.o(.ARM.exidx.text.ulTaskGenericNotifyTake), (8 bytes).
    Removing tasks.o(.text.xTaskGenericNotifyWait), (246 bytes).
    Removing tasks.o(.ARM.exidx.text.xTaskGenericNotifyWait), (8 bytes).
    Removing tasks.o(.text.xTaskGenericNotify), (368 bytes).
    Removing tasks.o(.ARM.exidx.text.xTaskGenericNotify), (8 bytes).
    Removing tasks.o(.text.xTaskGenericNotifyFromISR), (410 bytes).
    Removing tasks.o(.ARM.exidx.text.xTaskGenericNotifyFromISR), (8 bytes).
    Removing tasks.o(.text.vTaskGenericNotifyGiveFromISR), (306 bytes).
    Removing tasks.o(.ARM.exidx.text.vTaskGenericNotifyGiveFromISR), (8 bytes).
    Removing tasks.o(.text.xTaskGenericNotifyStateClear), (68 bytes).
    Removing tasks.o(.ARM.exidx.text.xTaskGenericNotifyStateClear), (8 bytes).
    Removing tasks.o(.text.ulTaskGenericNotifyValueClear), (66 bytes).
    Removing tasks.o(.ARM.exidx.text.ulTaskGenericNotifyValueClear), (8 bytes).
    Removing tasks.o(.text.vApplicationGetIdleTaskMemory), (26 bytes).
    Removing tasks.o(.ARM.exidx.text.vApplicationGetIdleTaskMemory), (8 bytes).
    Removing tasks.o(.ARM.exidx.text.vApplicationGetTimerTaskMemory), (8 bytes).
    Removing tasks.o(.text.vTaskResetState), (130 bytes).
    Removing tasks.o(.ARM.exidx.text.vTaskResetState), (8 bytes).
    Removing tasks.o(.ARM.exidx.text.prvIdleTask), (8 bytes).
    Removing tasks.o(.rodata.str1.1), (5 bytes).
    Removing timers.o(.text), (0 bytes).
    Removing timers.o(.ARM.exidx.text.xTimerCreateTimerTask), (8 bytes).
    Removing timers.o(.ARM.exidx.text.prvTimerTask), (8 bytes).
    Removing timers.o(.text.xTimerCreate), (56 bytes).
    Removing timers.o(.ARM.exidx.text.xTimerCreate), (8 bytes).
    Removing timers.o(.text.prvInitialiseNewTimer), (214 bytes).
    Removing timers.o(.ARM.exidx.text.prvInitialiseNewTimer), (8 bytes).
    Removing timers.o(.text.xTimerCreateStatic), (90 bytes).
    Removing timers.o(.ARM.exidx.text.xTimerCreateStatic), (8 bytes).
    Removing timers.o(.text.xTimerGenericCommandFromTask), (114 bytes).
    Removing timers.o(.ARM.exidx.text.xTimerGenericCommandFromTask), (8 bytes).
    Removing timers.o(.text.xTimerGenericCommandFromISR), (94 bytes).
    Removing timers.o(.ARM.exidx.text.xTimerGenericCommandFromISR), (8 bytes).
    Removing timers.o(.text.xTimerGetTimerDaemonTaskHandle), (34 bytes).
    Removing timers.o(.ARM.exidx.text.xTimerGetTimerDaemonTaskHandle), (8 bytes).
    Removing timers.o(.text.xTimerGetPeriod), (30 bytes).
    Removing timers.o(.ARM.exidx.text.xTimerGetPeriod), (8 bytes).
    Removing timers.o(.text.vTimerSetReloadMode), (62 bytes).
    Removing timers.o(.ARM.exidx.text.vTimerSetReloadMode), (8 bytes).
    Removing timers.o(.text.xTimerGetReloadMode), (46 bytes).
    Removing timers.o(.ARM.exidx.text.xTimerGetReloadMode), (8 bytes).
    Removing timers.o(.text.uxTimerGetReloadMode), (46 bytes).
    Removing timers.o(.ARM.exidx.text.uxTimerGetReloadMode), (8 bytes).
    Removing timers.o(.text.xTimerGetExpiryTime), (30 bytes).
    Removing timers.o(.ARM.exidx.text.xTimerGetExpiryTime), (8 bytes).
    Removing timers.o(.text.xTimerGetStaticBuffer), (38 bytes).
    Removing timers.o(.ARM.exidx.text.xTimerGetStaticBuffer), (8 bytes).
    Removing timers.o(.text.pcTimerGetName), (26 bytes).
    Removing timers.o(.ARM.exidx.text.pcTimerGetName), (8 bytes).
    Removing timers.o(.text.xTimerIsTimerActive), (46 bytes).
    Removing timers.o(.ARM.exidx.text.xTimerIsTimerActive), (8 bytes).
    Removing timers.o(.text.pvTimerGetTimerID), (38 bytes).
    Removing timers.o(.ARM.exidx.text.pvTimerGetTimerID), (8 bytes).
    Removing timers.o(.text.vTimerSetTimerID), (42 bytes).
    Removing timers.o(.ARM.exidx.text.vTimerSetTimerID), (8 bytes).
    Removing timers.o(.text.vTimerResetState), (24 bytes).
    Removing timers.o(.ARM.exidx.text.vTimerResetState), (8 bytes).
    Removing timers.o(.ARM.exidx.text.prvProcessExpiredTimer), (8 bytes).

909 unused section(s) (total 12957 bytes) removed from the image.

==============================================================================

Image Symbol Table

    Local Symbols

    Symbol Name                              Value     Ov Type        Size  Object(Section)

    ../clib/angel/boardlib.s                 0x00000000   Number         0  boardinit1.o ABSOLUTE
    ../clib/angel/boardlib.s                 0x00000000   Number         0  boardinit2.o ABSOLUTE
    ../clib/angel/boardlib.s                 0x00000000   Number         0  boardinit3.o ABSOLUTE
    ../clib/angel/boardlib.s                 0x00000000   Number         0  boardshut.o ABSOLUTE
    ../clib/angel/handlers.s                 0x00000000   Number         0  __scatter_copy.o ABSOLUTE
    ../clib/angel/handlers.s                 0x00000000   Number         0  __scatter_zi.o ABSOLUTE
    ../clib/angel/kernel.s                   0x00000000   Number         0  __rtentry.o ABSOLUTE
    ../clib/angel/kernel.s                   0x00000000   Number         0  __rtentry2.o ABSOLUTE
    ../clib/angel/kernel.s                   0x00000000   Number         0  __rtentry4.o ABSOLUTE
    ../clib/angel/kernel.s                   0x00000000   Number         0  rtexit.o ABSOLUTE
    ../clib/angel/kernel.s                   0x00000000   Number         0  rtexit2.o ABSOLUTE
    ../clib/angel/rt.s                       0x00000000   Number         0  rt_raise.o ABSOLUTE
    ../clib/angel/scatter.s                  0x00000000   Number         0  __scatter.o ABSOLUTE
    ../clib/angel/startup.s                  0x00000000   Number         0  __main.o ABSOLUTE
    ../clib/angel/sys.s                      0x00000000   Number         0  sys_stackheap_outer.o ABSOLUTE
    ../clib/angel/sys.s                      0x00000000   Number         0  libspace.o ABSOLUTE
    ../clib/angel/sys.s                      0x00000000   Number         0  use_no_semi.o ABSOLUTE
    ../clib/angel/sys.s                      0x00000000   Number         0  indicate_semi.o ABSOLUTE
    ../clib/angel/sysapp.c                   0x00000000   Number         0  sys_exit.o ABSOLUTE
    ../clib/angel/sysapp.c                   0x00000000   Number         0  sys_exit_hlt.o ABSOLUTE
    ../clib/angel/sysapp.c                   0x00000000   Number         0  sys_command.o ABSOLUTE
    ../clib/angel/sysapp.c                   0x00000000   Number         0  sys_command_hlt.o ABSOLUTE
    ../clib/angel/sysapp.c                   0x00000000   Number         0  sys_wrch.o ABSOLUTE
    ../clib/angel/sysapp.c                   0x00000000   Number         0  sys_wrch_hlt.o ABSOLUTE
    ../clib/armsys.c                         0x00000000   Number         0  argv_veneer.o ABSOLUTE
    ../clib/armsys.c                         0x00000000   Number         0  argv_veneer.o ABSOLUTE
    ../clib/armsys.c                         0x00000000   Number         0  _get_argv_nomalloc.o ABSOLUTE
    ../clib/armsys.c                         0x00000000   Number         0  no_argv.o ABSOLUTE
    ../clib/heapalloc.c                      0x00000000   Number         0  hrguard.o ABSOLUTE
    ../clib/heapaux.c                        0x00000000   Number         0  heapauxi.o ABSOLUTE
    ../clib/libinit.s                        0x00000000   Number         0  libinit.o ABSOLUTE
    ../clib/libinit.s                        0x00000000   Number         0  libinit2.o ABSOLUTE
    ../clib/libinit.s                        0x00000000   Number         0  libshutdown.o ABSOLUTE
    ../clib/libinit.s                        0x00000000   Number         0  libshutdown2.o ABSOLUTE
    ../clib/memcpset.s                       0x00000000   Number         0  rt_memcpy_v6.o ABSOLUTE
    ../clib/memcpset.s                       0x00000000   Number         0  rt_memclr.o ABSOLUTE
    ../clib/memcpset.s                       0x00000000   Number         0  rt_memcpy_w.o ABSOLUTE
    ../clib/memcpset.s                       0x00000000   Number         0  rt_memclr_w.o ABSOLUTE
    ../clib/signal.c                         0x00000000   Number         0  defsig_rtmem_outer.o ABSOLUTE
    ../clib/signal.c                         0x00000000   Number         0  defsig_rtmem_formal.o ABSOLUTE
    ../clib/signal.c                         0x00000000   Number         0  defsig_exit.o ABSOLUTE
    ../clib/signal.c                         0x00000000   Number         0  defsig_rtmem_inner.o ABSOLUTE
    ../clib/signal.c                         0x00000000   Number         0  __raise.o ABSOLUTE
    ../clib/signal.c                         0x00000000   Number         0  defsig_general.o ABSOLUTE
    ../clib/signal.c                         0x00000000   Number         0  defsig_abrt_inner.o ABSOLUTE
    ../clib/signal.c                         0x00000000   Number         0  defsig_fpe_inner.o ABSOLUTE
    ../clib/signal.c                         0x00000000   Number         0  defsig_rtred_inner.o ABSOLUTE
    ../clib/signal.c                         0x00000000   Number         0  defsig_stak_inner.o ABSOLUTE
    ../clib/signal.c                         0x00000000   Number         0  defsig_pvfn_inner.o ABSOLUTE
    ../clib/signal.c                         0x00000000   Number         0  defsig_cppl_inner.o ABSOLUTE
    ../clib/signal.c                         0x00000000   Number         0  defsig_segv_inner.o ABSOLUTE
    ../clib/signal.c                         0x00000000   Number         0  defsig_other.o ABSOLUTE
    ../clib/signal.s                         0x00000000   Number         0  defsig.o ABSOLUTE
    ../clib/stdlib.c                         0x00000000   Number         0  exit.o ABSOLUTE
    ../fplib/fpinit.s                        0x00000000   Number         0  fpinit.o ABSOLUTE
    RTE/Device/TM4C123GH6PM/startup_TM4C123.s 0x00000000   Number         0  startup_tm4c123.o ABSOLUTE
    dc.s                                     0x00000000   Number         0  dc.o ABSOLUTE
    freertos_evr.c                           0x00000000   Number         0  freertos_evr.o ABSOLUTE
    heap_1.c                                 0x00000000   Number         0  heap_1.o ABSOLUTE
    list.c                                   0x00000000   Number         0  list.o ABSOLUTE
    main.c                                   0x00000000   Number         0  main.o ABSOLUTE
    port.c                                   0x00000000   Number         0  port.o ABSOLUTE
    queue.c                                  0x00000000   Number         0  queue.o ABSOLUTE
    system_TM4C123.c                         0x00000000   Number         0  system_tm4c123.o ABSOLUTE
    tasks.c                                  0x00000000   Number         0  tasks.o ABSOLUTE
    timers.c                                 0x00000000   Number         0  timers.o ABSOLUTE
    RESET                                    0x00000000   Section      620  startup_tm4c123.o(RESET)
    !!!main                                  0x0000026c   Section        8  __main.o(!!!main)
    !!!scatter                               0x00000274   Section       92  __scatter.o(!!!scatter)
    !!handler_copy                           0x000002d0   Section       26  __scatter_copy.o(!!handler_copy)
    !!handler_null                           0x000002ec   Section        2  __scatter.o(!!handler_null)
    !!handler_zi                             0x000002f0   Section       28  __scatter_zi.o(!!handler_zi)
    .ARM.Collect$$libinit$$00000000          0x0000030c   Section        2  libinit.o(.ARM.Collect$$libinit$$00000000)
    .ARM.Collect$$libinit$$00000001          0x0000030e   Section        4  libinit2.o(.ARM.Collect$$libinit$$00000001)
    .ARM.Collect$$libinit$$00000004          0x00000312   Section        0  libinit2.o(.ARM.Collect$$libinit$$00000004)
    .ARM.Collect$$libinit$$00000006          0x00000312   Section        0  libinit2.o(.ARM.Collect$$libinit$$00000006)
    .ARM.Collect$$libinit$$0000000C          0x00000312   Section        0  libinit2.o(.ARM.Collect$$libinit$$0000000C)
    .ARM.Collect$$libinit$$0000000E          0x00000312   Section        0  libinit2.o(.ARM.Collect$$libinit$$0000000E)
    .ARM.Collect$$libinit$$00000010          0x00000312   Section        0  libinit2.o(.ARM.Collect$$libinit$$00000010)
    .ARM.Collect$$libinit$$00000013          0x00000312   Section        0  libinit2.o(.ARM.Collect$$libinit$$00000013)
    .ARM.Collect$$libinit$$00000015          0x00000312   Section        0  libinit2.o(.ARM.Collect$$libinit$$00000015)
    .ARM.Collect$$libinit$$00000017          0x00000312   Section        0  libinit2.o(.ARM.Collect$$libinit$$00000017)
    .ARM.Collect$$libinit$$00000019          0x00000312   Section        0  libinit2.o(.ARM.Collect$$libinit$$00000019)
    .ARM.Collect$$libinit$$0000001B          0x00000312   Section        0  libinit2.o(.ARM.Collect$$libinit$$0000001B)
    .ARM.Collect$$libinit$$0000001D          0x00000312   Section        0  libinit2.o(.ARM.Collect$$libinit$$0000001D)
    .ARM.Collect$$libinit$$0000001F          0x00000312   Section        0  libinit2.o(.ARM.Collect$$libinit$$0000001F)
    .ARM.Collect$$libinit$$00000021          0x00000312   Section        0  libinit2.o(.ARM.Collect$$libinit$$00000021)
    .ARM.Collect$$libinit$$00000023          0x00000312   Section        0  libinit2.o(.ARM.Collect$$libinit$$00000023)
    .ARM.Collect$$libinit$$00000025          0x00000312   Section        0  libinit2.o(.ARM.Collect$$libinit$$00000025)
    .ARM.Collect$$libinit$$00000027          0x00000312   Section        0  libinit2.o(.ARM.Collect$$libinit$$00000027)
    .ARM.Collect$$libinit$$0000002E          0x00000312   Section        0  libinit2.o(.ARM.Collect$$libinit$$0000002E)
    .ARM.Collect$$libinit$$00000030          0x00000312   Section        0  libinit2.o(.ARM.Collect$$libinit$$00000030)
    .ARM.Collect$$libinit$$00000032          0x00000312   Section        0  libinit2.o(.ARM.Collect$$libinit$$00000032)
    .ARM.Collect$$libinit$$00000034          0x00000312   Section        0  libinit2.o(.ARM.Collect$$libinit$$00000034)
    .ARM.Collect$$libinit$$00000035          0x00000312   Section        2  libinit2.o(.ARM.Collect$$libinit$$00000035)
    .ARM.Collect$$libshutdown$$00000000      0x00000314   Section        2  libshutdown.o(.ARM.Collect$$libshutdown$$00000000)
    .ARM.Collect$$libshutdown$$00000002      0x00000316   Section        0  libshutdown2.o(.ARM.Collect$$libshutdown$$00000002)
    .ARM.Collect$$libshutdown$$00000004      0x00000316   Section        0  libshutdown2.o(.ARM.Collect$$libshutdown$$00000004)
    .ARM.Collect$$libshutdown$$00000007      0x00000316   Section        0  libshutdown2.o(.ARM.Collect$$libshutdown$$00000007)
    .ARM.Collect$$libshutdown$$0000000A      0x00000316   Section        0  libshutdown2.o(.ARM.Collect$$libshutdown$$0000000A)
    .ARM.Collect$$libshutdown$$0000000C      0x00000316   Section        0  libshutdown2.o(.ARM.Collect$$libshutdown$$0000000C)
    .ARM.Collect$$libshutdown$$0000000F      0x00000316   Section        0  libshutdown2.o(.ARM.Collect$$libshutdown$$0000000F)
    .ARM.Collect$$libshutdown$$00000010      0x00000316   Section        2  libshutdown2.o(.ARM.Collect$$libshutdown$$00000010)
    .ARM.Collect$$rtentry$$00000000          0x00000318   Section        0  __rtentry.o(.ARM.Collect$$rtentry$$00000000)
    .ARM.Collect$$rtentry$$00000002          0x00000318   Section        0  __rtentry2.o(.ARM.Collect$$rtentry$$00000002)
    .ARM.Collect$$rtentry$$00000004          0x00000318   Section        6  __rtentry4.o(.ARM.Collect$$rtentry$$00000004)
    .ARM.Collect$$rtentry$$00000009          0x0000031e   Section        0  __rtentry2.o(.ARM.Collect$$rtentry$$00000009)
    .ARM.Collect$$rtentry$$0000000A          0x0000031e   Section        4  __rtentry2.o(.ARM.Collect$$rtentry$$0000000A)
    .ARM.Collect$$rtentry$$0000000C          0x00000322   Section        0  __rtentry2.o(.ARM.Collect$$rtentry$$0000000C)
    .ARM.Collect$$rtentry$$0000000D          0x00000322   Section        8  __rtentry2.o(.ARM.Collect$$rtentry$$0000000D)
    .ARM.Collect$$rtexit$$00000000           0x0000032a   Section        2  rtexit.o(.ARM.Collect$$rtexit$$00000000)
    .ARM.Collect$$rtexit$$00000002           0x0000032c   Section        0  rtexit2.o(.ARM.Collect$$rtexit$$00000002)
    .ARM.Collect$$rtexit$$00000003           0x0000032c   Section        4  rtexit2.o(.ARM.Collect$$rtexit$$00000003)
    .ARM.Collect$$rtexit$$00000004           0x00000330   Section        6  rtexit2.o(.ARM.Collect$$rtexit$$00000004)
    $v0                                      0x00000338   Number         0  startup_tm4c123.o(.text)
    .text                                    0x00000338   Section      276  startup_tm4c123.o(.text)
    .text                                    0x0000044c   Section      138  rt_memcpy_v6.o(.text)
    .text                                    0x000004d6   Section       68  rt_memclr.o(.text)
    .text                                    0x0000051a   Section        0  heapauxi.o(.text)
    .text                                    0x00000520   Section      100  rt_memcpy_w.o(.text)
    .text                                    0x00000584   Section       78  rt_memclr_w.o(.text)
    .text                                    0x000005d2   Section       74  sys_stackheap_outer.o(.text)
    .text                                    0x0000061c   Section        0  exit.o(.text)
    .text                                    0x00000630   Section        8  libspace.o(.text)
    .text                                    0x00000638   Section        0  sys_exit.o(.text)
    .text                                    0x00000644   Section        2  use_no_semi.o(.text)
    .text                                    0x00000646   Section        0  indicate_semi.o(.text)
    [Anonymous Symbol]                       0x00000648   Section        0  main.o(.text.GPIOA_Handler)
    [Anonymous Symbol]                       0x000006a4   Section        0  system_tm4c123.o(.text.SystemInit)
    [Anonymous Symbol]                       0x00000714   Section        0  main.o(.text.driver)
    [Anonymous Symbol]                       0x00000848   Section        0  main.o(.text.jamTask)
    [Anonymous Symbol]                       0x000008c0   Section        0  main.o(.text.lock)
    [Anonymous Symbol]                       0x00000920   Section        0  main.o(.text.main)
    [Anonymous Symbol]                       0x00000c00   Section        0  main.o(.text.passenger)
    prvAddCurrentTaskToDelayedList           0x00000d59   Thumb Code   206  tasks.o(.text.prvAddCurrentTaskToDelayedList)
    [Anonymous Symbol]                       0x00000d58   Section        0  tasks.o(.text.prvAddCurrentTaskToDelayedList)
    prvAddNewTaskToReadyList                 0x00000e29   Thumb Code   304  tasks.o(.text.prvAddNewTaskToReadyList)
    [Anonymous Symbol]                       0x00000e28   Section        0  tasks.o(.text.prvAddNewTaskToReadyList)
    prvCheckTasksWaitingTermination          0x00000f59   Thumb Code   122  tasks.o(.text.prvCheckTasksWaitingTermination)
    [Anonymous Symbol]                       0x00000f58   Section        0  tasks.o(.text.prvCheckTasksWaitingTermination)
    prvIdleTask                              0x00000fd5   Thumb Code    42  tasks.o(.text.prvIdleTask)
    [Anonymous Symbol]                       0x00000fd4   Section        0  tasks.o(.text.prvIdleTask)
    prvProcessExpiredTimer                   0x00001001   Thumb Code   164  timers.o(.text.prvProcessExpiredTimer)
    [Anonymous Symbol]                       0x00001000   Section        0  timers.o(.text.prvProcessExpiredTimer)
    prvTaskExitError                         0x000010a5   Thumb Code    50  port.o(.text.prvTaskExitError)
    [Anonymous Symbol]                       0x000010a4   Section        0  port.o(.text.prvTaskExitError)
    prvTimerTask                             0x000010d9   Thumb Code   814  timers.o(.text.prvTimerTask)
    [Anonymous Symbol]                       0x000010d8   Section        0  timers.o(.text.prvTimerTask)
    prvUnlockQueue                           0x00001409   Thumb Code   116  queue.o(.text.prvUnlockQueue)
    [Anonymous Symbol]                       0x00001408   Section        0  queue.o(.text.prvUnlockQueue)
    [Anonymous Symbol]                       0x0000147c   Section        0  heap_1.o(.text.pvPortMalloc)
    [Anonymous Symbol]                       0x000014e8   Section        0  tasks.o(.text.pvTaskIncrementMutexHeldCount)
    [Anonymous Symbol]                       0x00001500   Section        0  port.o(.text.pxPortInitialiseStack)
    [Anonymous Symbol]                       0x00001524   Section        0  main.o(.text.recieveQueue)
    [Anonymous Symbol]                       0x00001588   Section        0  list.o(.text.uxListRemove)
    [Anonymous Symbol]                       0x000015ac   Section        0  tasks.o(.text.uxTaskGetNumberOfTasks)
    [Anonymous Symbol]                       0x000015b8   Section        0  tasks.o(.text.uxTaskPriorityGet)
    [Anonymous Symbol]                       0x000015d8   Section        0  tasks.o(.text.vApplicationGetTimerTaskMemory)
    [Anonymous Symbol]                       0x000015f4   Section        0  list.o(.text.vListInitialise)
    [Anonymous Symbol]                       0x0000160c   Section        0  list.o(.text.vListInitialiseItem)
    [Anonymous Symbol]                       0x00001614   Section        0  list.o(.text.vListInsert)
    [Anonymous Symbol]                       0x00001654   Section        0  port.o(.text.vPortEnterCritical)
    [Anonymous Symbol]                       0x0000169c   Section        0  port.o(.text.vPortExitCritical)
    [Anonymous Symbol]                       0x000016cc   Section        0  heap_1.o(.text.vPortFree)
    [Anonymous Symbol]                       0x000016f0   Section        0  port.o(.text.vPortSVCHandler)
    pxCurrentTCBConst2                       0x00001710   Number         0  port.o(.text.vPortSVCHandler)
    [Anonymous Symbol]                       0x00001714   Section        0  port.o(.text.vPortValidateInterruptPriority)
    [Anonymous Symbol]                       0x0000174c   Section        0  queue.o(.text.vQueueWaitForMessageRestricted)
    [Anonymous Symbol]                       0x0000179c   Section        0  tasks.o(.text.vTaskDelay)
    [Anonymous Symbol]                       0x00001874   Section        0  tasks.o(.text.vTaskInternalSetTimeOutState)
    [Anonymous Symbol]                       0x00001894   Section        0  tasks.o(.text.vTaskMissedYield)
    [Anonymous Symbol]                       0x000018a4   Section        0  tasks.o(.text.vTaskPlaceOnEventList)
    [Anonymous Symbol]                       0x000018e0   Section        0  tasks.o(.text.vTaskPlaceOnEventListRestricted)
    [Anonymous Symbol]                       0x00001950   Section        0  tasks.o(.text.vTaskPriorityDisinheritAfterTimeout)
    [Anonymous Symbol]                       0x00001a14   Section        0  tasks.o(.text.vTaskPrioritySet)
    [Anonymous Symbol]                       0x00001b14   Section        0  tasks.o(.text.vTaskStartScheduler)
    [Anonymous Symbol]                       0x00001bc8   Section        0  tasks.o(.text.vTaskSuspendAll)
    __tagsym$$used.0                         0x00001bd8   Number         0  tasks.o(.text.vTaskSwitchContext)
    [Anonymous Symbol]                       0x00001bd8   Section        0  tasks.o(.text.vTaskSwitchContext)
    [Anonymous Symbol]                       0x00001c80   Section        0  port.o(.text.xPortPendSVHandler)
    pxCurrentTCBConst                        0x00001ce0   Number         0  port.o(.text.xPortPendSVHandler)
    [Anonymous Symbol]                       0x00001ce4   Section        0  port.o(.text.xPortStartScheduler)
    [Anonymous Symbol]                       0x00001dac   Section        0  queue.o(.text.xQueueCreateMutex)
    [Anonymous Symbol]                       0x00001e24   Section        0  queue.o(.text.xQueueGenericCreate)
    [Anonymous Symbol]                       0x00001eb4   Section        0  queue.o(.text.xQueueGenericCreateStatic)
    [Anonymous Symbol]                       0x00001f80   Section        0  queue.o(.text.xQueueGenericSend)
    [Anonymous Symbol]                       0x000021a0   Section        0  queue.o(.text.xQueueGiveFromISR)
    [Anonymous Symbol]                       0x00002280   Section        0  queue.o(.text.xQueueReceive)
    [Anonymous Symbol]                       0x00002430   Section        0  queue.o(.text.xQueueSemaphoreTake)
    [Anonymous Symbol]                       0x000025fc   Section        0  tasks.o(.text.xTaskCheckForTimeOut)
    [Anonymous Symbol]                       0x000026b8   Section        0  tasks.o(.text.xTaskCreate)
    [Anonymous Symbol]                       0x00002794   Section        0  tasks.o(.text.xTaskCreateStatic)
    [Anonymous Symbol]                       0x00002890   Section        0  tasks.o(.text.xTaskGetSchedulerState)
    [Anonymous Symbol]                       0x000028b8   Section        0  tasks.o(.text.xTaskGetTickCount)
    [Anonymous Symbol]                       0x000028d4   Section        0  tasks.o(.text.xTaskIncrementTick)
    [Anonymous Symbol]                       0x00002ab4   Section        0  tasks.o(.text.xTaskPriorityDisinherit)
    [Anonymous Symbol]                       0x00002b64   Section        0  tasks.o(.text.xTaskPriorityInherit)
    [Anonymous Symbol]                       0x00002c14   Section        0  tasks.o(.text.xTaskRemoveFromEventList)
    [Anonymous Symbol]                       0x00002cfc   Section        0  tasks.o(.text.xTaskResumeAll)
    [Anonymous Symbol]                       0x00002ea0   Section        0  timers.o(.text.xTimerCreateTimerTask)
    $v0                                      0x00002f68   Number         0  fpinit.o(x$fpl$fpinit)
    x$fpl$fpinit                             0x00002f68   Section       26  fpinit.o(x$fpl$fpinit)
    uxTopUsedPriority                        0x00002f84   Data           4  tasks.o(.rodata.uxTopUsedPriority)
    [Anonymous Symbol]                       0x00002f84   Section        0  tasks.o(.rodata.uxTopUsedPriority)
    uxCriticalNesting                        0x20000000   Data           4  port.o(.data.uxCriticalNesting)
    [Anonymous Symbol]                       0x20000000   Section        0  port.o(.data.uxCriticalNesting)
    .bss                                     0x20000008   Section       96  libspace.o(.bss)
    prvCheckForValidListAndQueue.ucStaticTimerQueueStorage 0x2000006c   Data         240  timers.o(.bss.prvCheckForValidListAndQueue.ucStaticTimerQueueStorage)
    [Anonymous Symbol]                       0x2000006c   Section        0  timers.o(.bss.prvCheckForValidListAndQueue.ucStaticTimerQueueStorage)
    prvCheckForValidListAndQueue.xStaticTimerQueue 0x20000160   Data          80  timers.o(.bss.prvCheckForValidListAndQueue.xStaticTimerQueue)
    [Anonymous Symbol]                       0x20000160   Section        0  timers.o(.bss.prvCheckForValidListAndQueue.xStaticTimerQueue)
    prvSampleTimeNow.xLastTime               0x200001b0   Data           8  timers.o(.bss.prvSampleTimeNow.xLastTime)
    [Anonymous Symbol]                       0x200001b0   Section        0  timers.o(.bss.prvSampleTimeNow.xLastTime)
    pvPortMalloc.pucAlignedHeap              0x200001b8   Data           4  heap_1.o(.bss.pvPortMalloc.pucAlignedHeap)
    [Anonymous Symbol]                       0x200001b8   Section        0  heap_1.o(.bss.pvPortMalloc.pucAlignedHeap)
    __tagsym$$used.1                         0x200001bc   Number         0  tasks.o(.bss.pxCurrentTCB)
    pxCurrentTimerList                       0x200001c0   Data           4  timers.o(.bss.pxCurrentTimerList)
    [Anonymous Symbol]                       0x200001c0   Section        0  timers.o(.bss.pxCurrentTimerList)
    pxDelayedTaskList                        0x200001c4   Data           4  tasks.o(.bss.pxDelayedTaskList)
    [Anonymous Symbol]                       0x200001c4   Section        0  tasks.o(.bss.pxDelayedTaskList)
    pxOverflowDelayedTaskList                0x200001c8   Data           4  tasks.o(.bss.pxOverflowDelayedTaskList)
    [Anonymous Symbol]                       0x200001c8   Section        0  tasks.o(.bss.pxOverflowDelayedTaskList)
    pxOverflowTimerList                      0x200001cc   Data           4  timers.o(.bss.pxOverflowTimerList)
    [Anonymous Symbol]                       0x200001cc   Section        0  timers.o(.bss.pxOverflowTimerList)
    pxReadyTasksLists                        0x200001d0   Data         120  tasks.o(.bss.pxReadyTasksLists)
    [Anonymous Symbol]                       0x200001d0   Section        0  tasks.o(.bss.pxReadyTasksLists)
    ucHeap                                   0x20000248   Data        4096  heap_1.o(.bss.ucHeap)
    [Anonymous Symbol]                       0x20000248   Section        0  heap_1.o(.bss.ucHeap)
    uxCurrentNumberOfTasks                   0x20001248   Data           4  tasks.o(.bss.uxCurrentNumberOfTasks)
    [Anonymous Symbol]                       0x20001248   Section        0  tasks.o(.bss.uxCurrentNumberOfTasks)
    uxDeletedTasksWaitingCleanUp             0x2000124c   Data           4  tasks.o(.bss.uxDeletedTasksWaitingCleanUp)
    [Anonymous Symbol]                       0x2000124c   Section        0  tasks.o(.bss.uxDeletedTasksWaitingCleanUp)
    uxSchedulerSuspended                     0x20001250   Data           4  tasks.o(.bss.uxSchedulerSuspended)
    [Anonymous Symbol]                       0x20001250   Section        0  tasks.o(.bss.uxSchedulerSuspended)
    uxTaskNumber                             0x20001254   Data           4  tasks.o(.bss.uxTaskNumber)
    [Anonymous Symbol]                       0x20001254   Section        0  tasks.o(.bss.uxTaskNumber)
    uxTopReadyPriority                       0x20001258   Data           4  tasks.o(.bss.uxTopReadyPriority)
    [Anonymous Symbol]                       0x20001258   Section        0  tasks.o(.bss.uxTopReadyPriority)
    vApplicationGetIdleTaskMemory.uxIdleTaskStack 0x2000125c   Data         512  tasks.o(.bss.vApplicationGetIdleTaskMemory.uxIdleTaskStack)
    [Anonymous Symbol]                       0x2000125c   Section        0  tasks.o(.bss.vApplicationGetIdleTaskMemory.uxIdleTaskStack)
    vApplicationGetIdleTaskMemory.xIdleTaskTCB 0x20001460   Data          96  tasks.o(.bss.vApplicationGetIdleTaskMemory.xIdleTaskTCB)
    [Anonymous Symbol]                       0x20001460   Section        0  tasks.o(.bss.vApplicationGetIdleTaskMemory.xIdleTaskTCB)
    vApplicationGetTimerTaskMemory.uxTimerTaskStack 0x200014c0   Data         512  tasks.o(.bss.vApplicationGetTimerTaskMemory.uxTimerTaskStack)
    [Anonymous Symbol]                       0x200014c0   Section        0  tasks.o(.bss.vApplicationGetTimerTaskMemory.uxTimerTaskStack)
    vApplicationGetTimerTaskMemory.xTimerTaskTCB 0x200016c0   Data          96  tasks.o(.bss.vApplicationGetTimerTaskMemory.xTimerTaskTCB)
    [Anonymous Symbol]                       0x200016c0   Section        0  tasks.o(.bss.vApplicationGetTimerTaskMemory.xTimerTaskTCB)
    xActiveTimerList1                        0x20001720   Data          24  timers.o(.bss.xActiveTimerList1)
    [Anonymous Symbol]                       0x20001720   Section        0  timers.o(.bss.xActiveTimerList1)
    xActiveTimerList2                        0x20001738   Data          24  timers.o(.bss.xActiveTimerList2)
    [Anonymous Symbol]                       0x20001738   Section        0  timers.o(.bss.xActiveTimerList2)
    xDelayedTaskList1                        0x20001758   Data          24  tasks.o(.bss.xDelayedTaskList1)
    [Anonymous Symbol]                       0x20001758   Section        0  tasks.o(.bss.xDelayedTaskList1)
    xDelayedTaskList2                        0x20001770   Data          24  tasks.o(.bss.xDelayedTaskList2)
    [Anonymous Symbol]                       0x20001770   Section        0  tasks.o(.bss.xDelayedTaskList2)
    xIdleTaskHandles.0                       0x20001788   Data           4  tasks.o(.bss.xIdleTaskHandles.0)
    [Anonymous Symbol]                       0x20001788   Section        0  tasks.o(.bss.xIdleTaskHandles.0)
    xNextFreeByte                            0x20001794   Data           4  heap_1.o(.bss.xNextFreeByte)
    [Anonymous Symbol]                       0x20001794   Section        0  heap_1.o(.bss.xNextFreeByte)
    xNextTaskUnblockTime                     0x20001798   Data           8  tasks.o(.bss.xNextTaskUnblockTime)
    [Anonymous Symbol]                       0x20001798   Section        0  tasks.o(.bss.xNextTaskUnblockTime)
    xNumOfOverflows                          0x200017a0   Data           4  tasks.o(.bss.xNumOfOverflows)
    [Anonymous Symbol]                       0x200017a0   Section        0  tasks.o(.bss.xNumOfOverflows)
    xPendedTicks                             0x200017a8   Data           8  tasks.o(.bss.xPendedTicks)
    [Anonymous Symbol]                       0x200017a8   Section        0  tasks.o(.bss.xPendedTicks)
    xPendingReadyList                        0x200017b0   Data          24  tasks.o(.bss.xPendingReadyList)
    [Anonymous Symbol]                       0x200017b0   Section        0  tasks.o(.bss.xPendingReadyList)
    xSchedulerRunning                        0x200017cc   Data           4  tasks.o(.bss.xSchedulerRunning)
    [Anonymous Symbol]                       0x200017cc   Section        0  tasks.o(.bss.xSchedulerRunning)
    xSuspendedTaskList                       0x200017d0   Data          24  tasks.o(.bss.xSuspendedTaskList)
    [Anonymous Symbol]                       0x200017d0   Section        0  tasks.o(.bss.xSuspendedTaskList)
    xTasksWaitingTermination                 0x200017e8   Data          24  tasks.o(.bss.xTasksWaitingTermination)
    [Anonymous Symbol]                       0x200017e8   Section        0  tasks.o(.bss.xTasksWaitingTermination)
    xTickCount                               0x20001800   Data           8  tasks.o(.bss.xTickCount)
    [Anonymous Symbol]                       0x20001800   Section        0  tasks.o(.bss.xTickCount)
    xTimerQueue                              0x20001808   Data           4  timers.o(.bss.xTimerQueue)
    [Anonymous Symbol]                       0x20001808   Section        0  timers.o(.bss.xTimerQueue)
    xTimerTaskHandle                         0x2000180c   Data           4  timers.o(.bss.xTimerTaskHandle)
    [Anonymous Symbol]                       0x2000180c   Section        0  timers.o(.bss.xTimerTaskHandle)
    xYieldPendings                           0x20001810   Data           4  tasks.o(.bss.xYieldPendings)
    [Anonymous Symbol]                       0x20001810   Section        0  tasks.o(.bss.xYieldPendings)
    Heap_Mem                                 0x20001818   Data           0  startup_tm4c123.o(HEAP)
    Stack_Mem                                0x20001818   Data         512  startup_tm4c123.o(STACK)
    HEAP                                     0x20001818   Section        0  startup_tm4c123.o(HEAP)
    STACK                                    0x20001818   Section      512  startup_tm4c123.o(STACK)
    __initial_sp                             0x20001a18   Data           0  startup_tm4c123.o(STACK)

    Global Symbols

    Symbol Name                              Value     Ov Type        Size  Object(Section)

    BuildAttributes$$THM_ISAv4$E$P$D$K$B$S$7EM$VFPi3$EXTD16$VFPS$VFMA$PE$A:L22UL41UL21$X:L11$S22US41US21$IEEE1$IW$~IW$USESV6$~STKCKD$USESV7$~SHL$OTIME$ROPI$EBA8$UX$STANDARDLIB$REQ8$PRES8$EABIv2 0x00000000   Number         0  anon$$obj.o ABSOLUTE
    __Vectors                                0x00000000   Data           4  startup_tm4c123.o(RESET)
    __ARM_exceptions_init                     - Undefined Weak Reference
    __alloca_initialize                       - Undefined Weak Reference
    __arm_preinit_                            - Undefined Weak Reference
    __arm_relocate_pie_                       - Undefined Weak Reference
    __cpp_initialize__aeabi_                  - Undefined Weak Reference
    __cxa_finalize                            - Undefined Weak Reference
    __rt_locale                               - Undefined Weak Reference
    __sigvec_lookup                           - Undefined Weak Reference
    _atexit_init                              - Undefined Weak Reference
    _call_atexit_fns                          - Undefined Weak Reference
    _clock_init                               - Undefined Weak Reference
    _fp_trap_init                             - Undefined Weak Reference
    _fp_trap_shutdown                         - Undefined Weak Reference
    _get_lc_collate                           - Undefined Weak Reference
    _get_lc_ctype                             - Undefined Weak Reference
    _get_lc_monetary                          - Undefined Weak Reference
    _get_lc_numeric                           - Undefined Weak Reference
    _get_lc_time                              - Undefined Weak Reference
    _getenv_init                              - Undefined Weak Reference
    _handle_redirection                       - Undefined Weak Reference
    _init_alloc                               - Undefined Weak Reference
    _init_user_alloc                          - Undefined Weak Reference
    _initio                                   - Undefined Weak Reference
    _rand_init                                - Undefined Weak Reference
    _signal_finish                            - Undefined Weak Reference
    _signal_init                              - Undefined Weak Reference
    _terminate_alloc                          - Undefined Weak Reference
    _terminate_user_alloc                     - Undefined Weak Reference
    _terminateio                              - Undefined Weak Reference
    __Vectors_End                            0x0000026c   Data           0  startup_tm4c123.o(RESET)
    __Vectors_Size                           0x0000026c   Number         0  startup_tm4c123.o ABSOLUTE
    __main                                   0x0000026d   Thumb Code     8  __main.o(!!!main)
    __scatterload                            0x00000275   Thumb Code     0  __scatter.o(!!!scatter)
    __scatterload_rt2                        0x00000275   Thumb Code    84  __scatter.o(!!!scatter)
    __scatterload_rt2_thumb_only             0x00000275   Thumb Code     0  __scatter.o(!!!scatter)
    __scatterload_loop                       0x0000027f   Thumb Code     0  __scatter.o(!!!scatter)
    __scatterload_copy                       0x000002d1   Thumb Code    26  __scatter_copy.o(!!handler_copy)
    __scatterload_null                       0x000002ed   Thumb Code     2  __scatter.o(!!handler_null)
    __scatterload_zeroinit                   0x000002f1   Thumb Code    28  __scatter_zi.o(!!handler_zi)
    __rt_lib_init                            0x0000030d   Thumb Code     0  libinit.o(.ARM.Collect$$libinit$$00000000)
    __rt_lib_init_fp_1                       0x0000030f   Thumb Code     0  libinit2.o(.ARM.Collect$$libinit$$00000001)
    __rt_lib_init_alloca_1                   0x00000313   Thumb Code     0  libinit2.o(.ARM.Collect$$libinit$$00000030)
    __rt_lib_init_argv_1                     0x00000313   Thumb Code     0  libinit2.o(.ARM.Collect$$libinit$$0000002E)
    __rt_lib_init_atexit_1                   0x00000313   Thumb Code     0  libinit2.o(.ARM.Collect$$libinit$$0000001D)
    __rt_lib_init_clock_1                    0x00000313   Thumb Code     0  libinit2.o(.ARM.Collect$$libinit$$00000023)
    __rt_lib_init_cpp_1                      0x00000313   Thumb Code     0  libinit2.o(.ARM.Collect$$libinit$$00000034)
    __rt_lib_init_exceptions_1               0x00000313   Thumb Code     0  libinit2.o(.ARM.Collect$$libinit$$00000032)
    __rt_lib_init_fp_trap_1                  0x00000313   Thumb Code     0  libinit2.o(.ARM.Collect$$libinit$$00000021)
    __rt_lib_init_getenv_1                   0x00000313   Thumb Code     0  libinit2.o(.ARM.Collect$$libinit$$00000025)
    __rt_lib_init_heap_1                     0x00000313   Thumb Code     0  libinit2.o(.ARM.Collect$$libinit$$0000000C)
    __rt_lib_init_lc_collate_1               0x00000313   Thumb Code     0  libinit2.o(.ARM.Collect$$libinit$$00000013)
    __rt_lib_init_lc_ctype_1                 0x00000313   Thumb Code     0  libinit2.o(.ARM.Collect$$libinit$$00000015)
    __rt_lib_init_lc_monetary_1              0x00000313   Thumb Code     0  libinit2.o(.ARM.Collect$$libinit$$00000017)
    __rt_lib_init_lc_numeric_1               0x00000313   Thumb Code     0  libinit2.o(.ARM.Collect$$libinit$$00000019)
    __rt_lib_init_lc_time_1                  0x00000313   Thumb Code     0  libinit2.o(.ARM.Collect$$libinit$$0000001B)
    __rt_lib_init_preinit_1                  0x00000313   Thumb Code     0  libinit2.o(.ARM.Collect$$libinit$$00000006)
    __rt_lib_init_rand_1                     0x00000313   Thumb Code     0  libinit2.o(.ARM.Collect$$libinit$$00000010)
    __rt_lib_init_relocate_pie_1             0x00000313   Thumb Code     0  libinit2.o(.ARM.Collect$$libinit$$00000004)
    __rt_lib_init_return                     0x00000313   Thumb Code     0  libinit2.o(.ARM.Collect$$libinit$$00000035)
    __rt_lib_init_signal_1                   0x00000313   Thumb Code     0  libinit2.o(.ARM.Collect$$libinit$$0000001F)
    __rt_lib_init_stdio_1                    0x00000313   Thumb Code     0  libinit2.o(.ARM.Collect$$libinit$$00000027)
    __rt_lib_init_user_alloc_1               0x00000313   Thumb Code     0  libinit2.o(.ARM.Collect$$libinit$$0000000E)
    __rt_lib_shutdown                        0x00000315   Thumb Code     0  libshutdown.o(.ARM.Collect$$libshutdown$$00000000)
    __rt_lib_shutdown_cpp_1                  0x00000317   Thumb Code     0  libshutdown2.o(.ARM.Collect$$libshutdown$$00000002)
    __rt_lib_shutdown_fp_trap_1              0x00000317   Thumb Code     0  libshutdown2.o(.ARM.Collect$$libshutdown$$00000007)
    __rt_lib_shutdown_heap_1                 0x00000317   Thumb Code     0  libshutdown2.o(.ARM.Collect$$libshutdown$$0000000F)
    __rt_lib_shutdown_return                 0x00000317   Thumb Code     0  libshutdown2.o(.ARM.Collect$$libshutdown$$00000010)
    __rt_lib_shutdown_signal_1               0x00000317   Thumb Code     0  libshutdown2.o(.ARM.Collect$$libshutdown$$0000000A)
    __rt_lib_shutdown_stdio_1                0x00000317   Thumb Code     0  libshutdown2.o(.ARM.Collect$$libshutdown$$00000004)
    __rt_lib_shutdown_user_alloc_1           0x00000317   Thumb Code     0  libshutdown2.o(.ARM.Collect$$libshutdown$$0000000C)
    __rt_entry                               0x00000319   Thumb Code     0  __rtentry.o(.ARM.Collect$$rtentry$$00000000)
    __rt_entry_presh_1                       0x00000319   Thumb Code     0  __rtentry2.o(.ARM.Collect$$rtentry$$00000002)
    __rt_entry_sh                            0x00000319   Thumb Code     0  __rtentry4.o(.ARM.Collect$$rtentry$$00000004)
    __rt_entry_li                            0x0000031f   Thumb Code     0  __rtentry2.o(.ARM.Collect$$rtentry$$0000000A)
    __rt_entry_postsh_1                      0x0000031f   Thumb Code     0  __rtentry2.o(.ARM.Collect$$rtentry$$00000009)
    __rt_entry_main                          0x00000323   Thumb Code     0  __rtentry2.o(.ARM.Collect$$rtentry$$0000000D)
    __rt_entry_postli_1                      0x00000323   Thumb Code     0  __rtentry2.o(.ARM.Collect$$rtentry$$0000000C)
    __rt_exit                                0x0000032b   Thumb Code     0  rtexit.o(.ARM.Collect$$rtexit$$00000000)
    __rt_exit_ls                             0x0000032d   Thumb Code     0  rtexit2.o(.ARM.Collect$$rtexit$$00000003)
    __rt_exit_prels_1                        0x0000032d   Thumb Code     0  rtexit2.o(.ARM.Collect$$rtexit$$00000002)
    __rt_exit_exit                           0x00000331   Thumb Code     0  rtexit2.o(.ARM.Collect$$rtexit$$00000004)
    Reset_Handler                            0x00000339   Thumb Code     8  startup_tm4c123.o(.text)
    NMI_Handler                              0x00000341   Thumb Code     2  startup_tm4c123.o(.text)
    HardFault_Handler                        0x00000343   Thumb Code     2  startup_tm4c123.o(.text)
    MemManage_Handler                        0x00000345   Thumb Code     2  startup_tm4c123.o(.text)
    BusFault_Handler                         0x00000347   Thumb Code     2  startup_tm4c123.o(.text)
    UsageFault_Handler                       0x00000349   Thumb Code     2  startup_tm4c123.o(.text)
    SVC_Handler                              0x0000034b   Thumb Code     2  startup_tm4c123.o(.text)
    DebugMon_Handler                         0x0000034d   Thumb Code     2  startup_tm4c123.o(.text)
    PendSV_Handler                           0x0000034f   Thumb Code     2  startup_tm4c123.o(.text)
    SysTick_Handler                          0x00000351   Thumb Code     2  startup_tm4c123.o(.text)
    GPIOB_Handler                            0x00000355   Thumb Code     2  startup_tm4c123.o(.text)
    GPIOC_Handler                            0x00000357   Thumb Code     2  startup_tm4c123.o(.text)
    GPIOD_Handler                            0x00000359   Thumb Code     2  startup_tm4c123.o(.text)
    GPIOE_Handler                            0x0000035b   Thumb Code     2  startup_tm4c123.o(.text)
    UART0_Handler                            0x0000035d   Thumb Code     2  startup_tm4c123.o(.text)
    UART1_Handler                            0x0000035f   Thumb Code     2  startup_tm4c123.o(.text)
    SSI0_Handler                             0x00000361   Thumb Code     2  startup_tm4c123.o(.text)
    I2C0_Handler                             0x00000363   Thumb Code     2  startup_tm4c123.o(.text)
    PMW0_FAULT_Handler                       0x00000365   Thumb Code     2  startup_tm4c123.o(.text)
    PWM0_0_Handler                           0x00000367   Thumb Code     2  startup_tm4c123.o(.text)
    PWM0_1_Handler                           0x00000369   Thumb Code     2  startup_tm4c123.o(.text)
    PWM0_2_Handler                           0x0000036b   Thumb Code     2  startup_tm4c123.o(.text)
    QEI0_Handler                             0x0000036d   Thumb Code     2  startup_tm4c123.o(.text)
    ADC0SS0_Handler                          0x0000036f   Thumb Code     2  startup_tm4c123.o(.text)
    ADC0SS1_Handler                          0x00000371   Thumb Code     2  startup_tm4c123.o(.text)
    ADC0SS2_Handler                          0x00000373   Thumb Code     2  startup_tm4c123.o(.text)
    ADC0SS3_Handler                          0x00000375   Thumb Code     2  startup_tm4c123.o(.text)
    WDT0_Handler                             0x00000377   Thumb Code     2  startup_tm4c123.o(.text)
    TIMER0A_Handler                          0x00000379   Thumb Code     2  startup_tm4c123.o(.text)
    TIMER0B_Handler                          0x0000037b   Thumb Code     2  startup_tm4c123.o(.text)
    TIMER1A_Handler                          0x0000037d   Thumb Code     2  startup_tm4c123.o(.text)
    TIMER1B_Handler                          0x0000037f   Thumb Code     2  startup_tm4c123.o(.text)
    TIMER2A_Handler                          0x00000381   Thumb Code     2  startup_tm4c123.o(.text)
    TIMER2B_Handler                          0x00000383   Thumb Code     2  startup_tm4c123.o(.text)
    COMP0_Handler                            0x00000385   Thumb Code     2  startup_tm4c123.o(.text)
    COMP1_Handler                            0x00000387   Thumb Code     2  startup_tm4c123.o(.text)
    COMP2_Handler                            0x00000389   Thumb Code     2  startup_tm4c123.o(.text)
    SYSCTL_Handler                           0x0000038b   Thumb Code     2  startup_tm4c123.o(.text)
    FLASH_Handler                            0x0000038d   Thumb Code     2  startup_tm4c123.o(.text)
    GPIOF_Handler                            0x0000038f   Thumb Code     2  startup_tm4c123.o(.text)
    GPIOG_Handler                            0x00000391   Thumb Code     2  startup_tm4c123.o(.text)
    GPIOH_Handler                            0x00000393   Thumb Code     2  startup_tm4c123.o(.text)
    UART2_Handler                            0x00000395   Thumb Code     2  startup_tm4c123.o(.text)
    SSI1_Handler                             0x00000397   Thumb Code     2  startup_tm4c123.o(.text)
    TIMER3A_Handler                          0x00000399   Thumb Code     2  startup_tm4c123.o(.text)
    TIMER3B_Handler                          0x0000039b   Thumb Code     2  startup_tm4c123.o(.text)
    I2C1_Handler                             0x0000039d   Thumb Code     2  startup_tm4c123.o(.text)
    QEI1_Handler                             0x0000039f   Thumb Code     2  startup_tm4c123.o(.text)
    CAN0_Handler                             0x000003a1   Thumb Code     2  startup_tm4c123.o(.text)
    CAN1_Handler                             0x000003a3   Thumb Code     2  startup_tm4c123.o(.text)
    CAN2_Handler                             0x000003a5   Thumb Code     2  startup_tm4c123.o(.text)
    HIB_Handler                              0x000003a7   Thumb Code     2  startup_tm4c123.o(.text)
    USB0_Handler                             0x000003a9   Thumb Code     2  startup_tm4c123.o(.text)
    PWM0_3_Handler                           0x000003ab   Thumb Code     2  startup_tm4c123.o(.text)
    UDMA_Handler                             0x000003ad   Thumb Code     2  startup_tm4c123.o(.text)
    UDMAERR_Handler                          0x000003af   Thumb Code     2  startup_tm4c123.o(.text)
    ADC1SS0_Handler                          0x000003b1   Thumb Code     2  startup_tm4c123.o(.text)
    ADC1SS1_Handler                          0x000003b3   Thumb Code     2  startup_tm4c123.o(.text)
    ADC1SS2_Handler                          0x000003b5   Thumb Code     2  startup_tm4c123.o(.text)
    ADC1SS3_Handler                          0x000003b7   Thumb Code     2  startup_tm4c123.o(.text)
    GPIOJ_Handler                            0x000003b9   Thumb Code     2  startup_tm4c123.o(.text)
    GPIOK_Handler                            0x000003bb   Thumb Code     2  startup_tm4c123.o(.text)
    GPIOL_Handler                            0x000003bd   Thumb Code     2  startup_tm4c123.o(.text)
    SSI2_Handler                             0x000003bf   Thumb Code     2  startup_tm4c123.o(.text)
    SSI3_Handler                             0x000003c1   Thumb Code     2  startup_tm4c123.o(.text)
    UART3_Handler                            0x000003c3   Thumb Code     2  startup_tm4c123.o(.text)
    UART4_Handler                            0x000003c5   Thumb Code     2  startup_tm4c123.o(.text)
    UART5_Handler                            0x000003c7   Thumb Code     2  startup_tm4c123.o(.text)
    UART6_Handler                            0x000003c9   Thumb Code     2  startup_tm4c123.o(.text)
    UART7_Handler                            0x000003cb   Thumb Code     2  startup_tm4c123.o(.text)
    I2C2_Handler                             0x000003cd   Thumb Code     2  startup_tm4c123.o(.text)
    I2C3_Handler                             0x000003cf   Thumb Code     2  startup_tm4c123.o(.text)
    TIMER4A_Handler                          0x000003d1   Thumb Code     2  startup_tm4c123.o(.text)
    TIMER4B_Handler                          0x000003d3   Thumb Code     2  startup_tm4c123.o(.text)
    TIMER5A_Handler                          0x000003d5   Thumb Code     2  startup_tm4c123.o(.text)
    TIMER5B_Handler                          0x000003d7   Thumb Code     2  startup_tm4c123.o(.text)
    WTIMER0A_Handler                         0x000003d9   Thumb Code     2  startup_tm4c123.o(.text)
    WTIMER0B_Handler                         0x000003db   Thumb Code     2  startup_tm4c123.o(.text)
    WTIMER1A_Handler                         0x000003dd   Thumb Code     2  startup_tm4c123.o(.text)
    WTIMER1B_Handler                         0x000003df   Thumb Code     2  startup_tm4c123.o(.text)
    WTIMER2A_Handler                         0x000003e1   Thumb Code     2  startup_tm4c123.o(.text)
    WTIMER2B_Handler                         0x000003e3   Thumb Code     2  startup_tm4c123.o(.text)
    WTIMER3A_Handler                         0x000003e5   Thumb Code     2  startup_tm4c123.o(.text)
    WTIMER3B_Handler                         0x000003e7   Thumb Code     2  startup_tm4c123.o(.text)
    WTIMER4A_Handler                         0x000003e9   Thumb Code     2  startup_tm4c123.o(.text)
    WTIMER4B_Handler                         0x000003eb   Thumb Code     2  startup_tm4c123.o(.text)
    WTIMER5A_Handler                         0x000003ed   Thumb Code     2  startup_tm4c123.o(.text)
    WTIMER5B_Handler                         0x000003ef   Thumb Code     2  startup_tm4c123.o(.text)
    FPU_Handler                              0x000003f1   Thumb Code     2  startup_tm4c123.o(.text)
    I2C4_Handler                             0x000003f3   Thumb Code     2  startup_tm4c123.o(.text)
    I2C5_Handler                             0x000003f5   Thumb Code     2  startup_tm4c123.o(.text)
    GPIOM_Handler                            0x000003f7   Thumb Code     2  startup_tm4c123.o(.text)
    GPION_Handler                            0x000003f9   Thumb Code     2  startup_tm4c123.o(.text)
    QEI2_Handler                             0x000003fb   Thumb Code     2  startup_tm4c123.o(.text)
    GPIOP0_Handler                           0x000003fd   Thumb Code     2  startup_tm4c123.o(.text)
    GPIOP1_Handler                           0x000003ff   Thumb Code     2  startup_tm4c123.o(.text)
    GPIOP2_Handler                           0x00000401   Thumb Code     2  startup_tm4c123.o(.text)
    GPIOP3_Handler                           0x00000403   Thumb Code     2  startup_tm4c123.o(.text)
    GPIOP4_Handler                           0x00000405   Thumb Code     2  startup_tm4c123.o(.text)
    GPIOP5_Handler                           0x00000407   Thumb Code     2  startup_tm4c123.o(.text)
    GPIOP6_Handler                           0x00000409   Thumb Code     2  startup_tm4c123.o(.text)
    GPIOP7_Handler                           0x0000040b   Thumb Code     2  startup_tm4c123.o(.text)
    GPIOQ0_Handler                           0x0000040d   Thumb Code     2  startup_tm4c123.o(.text)
    GPIOQ1_Handler                           0x0000040f   Thumb Code     2  startup_tm4c123.o(.text)
    GPIOQ2_Handler                           0x00000411   Thumb Code     2  startup_tm4c123.o(.text)
    GPIOQ3_Handler                           0x00000413   Thumb Code     2  startup_tm4c123.o(.text)
    GPIOQ4_Handler                           0x00000415   Thumb Code     2  startup_tm4c123.o(.text)
    GPIOQ5_Handler                           0x00000417   Thumb Code     2  startup_tm4c123.o(.text)
    GPIOQ6_Handler                           0x00000419   Thumb Code     2  startup_tm4c123.o(.text)
    GPIOQ7_Handler                           0x0000041b   Thumb Code     2  startup_tm4c123.o(.text)
    GPIOR_Handler                            0x0000041d   Thumb Code     2  startup_tm4c123.o(.text)
    GPIOS_Handler                            0x0000041f   Thumb Code     2  startup_tm4c123.o(.text)
    PMW1_0_Handler                           0x00000421   Thumb Code     2  startup_tm4c123.o(.text)
    PWM1_1_Handler                           0x00000423   Thumb Code     2  startup_tm4c123.o(.text)
    PWM1_2_Handler                           0x00000425   Thumb Code     2  startup_tm4c123.o(.text)
    PWM1_3_Handler                           0x00000427   Thumb Code     2  startup_tm4c123.o(.text)
    PWM1_FAULT_Handler                       0x00000429   Thumb Code     2  startup_tm4c123.o(.text)
    __user_initial_stackheap                 0x0000042d   Thumb Code     0  startup_tm4c123.o(.text)
    __aeabi_memcpy                           0x0000044d   Thumb Code     0  rt_memcpy_v6.o(.text)
    __rt_memcpy                              0x0000044d   Thumb Code   138  rt_memcpy_v6.o(.text)
    _memcpy_lastbytes                        0x000004b3   Thumb Code     0  rt_memcpy_v6.o(.text)
    __aeabi_memclr                           0x000004d7   Thumb Code     0  rt_memclr.o(.text)
    __rt_memclr                              0x000004d7   Thumb Code     0  rt_memclr.o(.text)
    _memset                                  0x000004db   Thumb Code    64  rt_memclr.o(.text)
    __use_two_region_memory                  0x0000051b   Thumb Code     2  heapauxi.o(.text)
    __rt_heap_escrow$2region                 0x0000051d   Thumb Code     2  heapauxi.o(.text)
    __rt_heap_expand$2region                 0x0000051f   Thumb Code     2  heapauxi.o(.text)
    __aeabi_memcpy4                          0x00000521   Thumb Code     0  rt_memcpy_w.o(.text)
    __aeabi_memcpy8                          0x00000521   Thumb Code     0  rt_memcpy_w.o(.text)
    __rt_memcpy_w                            0x00000521   Thumb Code   100  rt_memcpy_w.o(.text)
    _memcpy_lastbytes_aligned                0x00000569   Thumb Code     0  rt_memcpy_w.o(.text)
    __aeabi_memclr4                          0x00000585   Thumb Code     0  rt_memclr_w.o(.text)
    __aeabi_memclr8                          0x00000585   Thumb Code     0  rt_memclr_w.o(.text)
    __rt_memclr_w                            0x00000585   Thumb Code     0  rt_memclr_w.o(.text)
    _memset_w                                0x00000589   Thumb Code    74  rt_memclr_w.o(.text)
    __user_setup_stackheap                   0x000005d3   Thumb Code    74  sys_stackheap_outer.o(.text)
    exit                                     0x0000061d   Thumb Code    18  exit.o(.text)
    __user_libspace                          0x00000631   Thumb Code     8  libspace.o(.text)
    __user_perproc_libspace                  0x00000631   Thumb Code     0  libspace.o(.text)
    __user_perthread_libspace                0x00000631   Thumb Code     0  libspace.o(.text)
    _sys_exit                                0x00000639   Thumb Code     8  sys_exit.o(.text)
    __I$use$semihosting                      0x00000645   Thumb Code     0  use_no_semi.o(.text)
    __use_no_semihosting_swi                 0x00000645   Thumb Code     2  use_no_semi.o(.text)
    __semihosting_library_function           0x00000647   Thumb Code     0  indicate_semi.o(.text)
    GPIOA_Handler                            0x00000649   Thumb Code    92  main.o(.text.GPIOA_Handler)
    SystemInit                               0x000006a5   Thumb Code   112  system_tm4c123.o(.text.SystemInit)
    driver                                   0x00000715   Thumb Code   308  main.o(.text.driver)
    jamTask                                  0x00000849   Thumb Code   120  main.o(.text.jamTask)
    lock                                     0x000008c1   Thumb Code    96  main.o(.text.lock)
    main                                     0x00000921   Thumb Code   684  main.o(.text.main)
    passenger                                0x00000c01   Thumb Code   342  main.o(.text.passenger)
    pvPortMalloc                             0x0000147d   Thumb Code   106  heap_1.o(.text.pvPortMalloc)
    pvTaskIncrementMutexHeldCount            0x000014e9   Thumb Code    24  tasks.o(.text.pvTaskIncrementMutexHeldCount)
    pxPortInitialiseStack                    0x00001501   Thumb Code    36  port.o(.text.pxPortInitialiseStack)
    recieveQueue                             0x00001525   Thumb Code    98  main.o(.text.recieveQueue)
    uxListRemove                             0x00001589   Thumb Code    34  list.o(.text.uxListRemove)
    uxTaskGetNumberOfTasks                   0x000015ad   Thumb Code    12  tasks.o(.text.uxTaskGetNumberOfTasks)
    uxTaskPriorityGet                        0x000015b9   Thumb Code    30  tasks.o(.text.uxTaskPriorityGet)
    vApplicationGetTimerTaskMemory           0x000015d9   Thumb Code    26  tasks.o(.text.vApplicationGetTimerTaskMemory)
    vListInitialise                          0x000015f5   Thumb Code    24  list.o(.text.vListInitialise)
    vListInitialiseItem                      0x0000160d   Thumb Code     6  list.o(.text.vListInitialiseItem)
    vListInsert                              0x00001615   Thumb Code    62  list.o(.text.vListInsert)
    vPortEnterCritical                       0x00001655   Thumb Code    70  port.o(.text.vPortEnterCritical)
    vPortExitCritical                        0x0000169d   Thumb Code    46  port.o(.text.vPortExitCritical)
    vPortFree                                0x000016cd   Thumb Code    26  heap_1.o(.text.vPortFree)
    vPortSVCHandler                          0x000016f1   Thumb Code    36  port.o(.text.vPortSVCHandler)
    vPortValidateInterruptPriority           0x00001715   Thumb Code    54  port.o(.text.vPortValidateInterruptPriority)
    vQueueWaitForMessageRestricted           0x0000174d   Thumb Code    78  queue.o(.text.vQueueWaitForMessageRestricted)
    vTaskDelay                               0x0000179d   Thumb Code   214  tasks.o(.text.vTaskDelay)
    vTaskInternalSetTimeOutState             0x00001875   Thumb Code    30  tasks.o(.text.vTaskInternalSetTimeOutState)
    vTaskMissedYield                         0x00001895   Thumb Code    14  tasks.o(.text.vTaskMissedYield)
    vTaskPlaceOnEventList                    0x000018a5   Thumb Code    58  tasks.o(.text.vTaskPlaceOnEventList)
    vTaskPlaceOnEventListRestricted          0x000018e1   Thumb Code   110  tasks.o(.text.vTaskPlaceOnEventListRestricted)
    vTaskPriorityDisinheritAfterTimeout      0x00001951   Thumb Code   194  tasks.o(.text.vTaskPriorityDisinheritAfterTimeout)
    vTaskPrioritySet                         0x00001a15   Thumb Code   256  tasks.o(.text.vTaskPrioritySet)
    vTaskStartScheduler                      0x00001b15   Thumb Code   178  tasks.o(.text.vTaskStartScheduler)
    vTaskSuspendAll                          0x00001bc9   Thumb Code    16  tasks.o(.text.vTaskSuspendAll)
    vTaskSwitchContext                       0x00001bd9   Thumb Code   162  tasks.o(.text.vTaskSwitchContext)
    xPortPendSVHandler                       0x00001c81   Thumb Code   100  port.o(.text.xPortPendSVHandler)
    xPortStartScheduler                      0x00001ce5   Thumb Code   198  port.o(.text.xPortStartScheduler)
    xQueueCreateMutex                        0x00001dad   Thumb Code   120  queue.o(.text.xQueueCreateMutex)
    xQueueGenericCreate                      0x00001e25   Thumb Code   142  queue.o(.text.xQueueGenericCreate)
    xQueueGenericCreateStatic                0x00001eb5   Thumb Code   204  queue.o(.text.xQueueGenericCreateStatic)
    xQueueGenericSend                        0x00001f81   Thumb Code   542  queue.o(.text.xQueueGenericSend)
    xQueueGiveFromISR                        0x000021a1   Thumb Code   222  queue.o(.text.xQueueGiveFromISR)
    xQueueReceive                            0x00002281   Thumb Code   432  queue.o(.text.xQueueReceive)
    xQueueSemaphoreTake                      0x00002431   Thumb Code   458  queue.o(.text.xQueueSemaphoreTake)
    xTaskCheckForTimeOut                     0x000025fd   Thumb Code   186  tasks.o(.text.xTaskCheckForTimeOut)
    xTaskCreate                              0x000026b9   Thumb Code   218  tasks.o(.text.xTaskCreate)
    xTaskCreateStatic                        0x00002795   Thumb Code   250  tasks.o(.text.xTaskCreateStatic)
    xTaskGetSchedulerState                   0x00002891   Thumb Code    38  tasks.o(.text.xTaskGetSchedulerState)
    xTaskGetTickCount                        0x000028b9   Thumb Code    28  tasks.o(.text.xTaskGetTickCount)
    xTaskIncrementTick                       0x000028d5   Thumb Code   480  tasks.o(.text.xTaskIncrementTick)
    xTaskPriorityDisinherit                  0x00002ab5   Thumb Code   174  tasks.o(.text.xTaskPriorityDisinherit)
    xTaskPriorityInherit                     0x00002b65   Thumb Code   176  tasks.o(.text.xTaskPriorityInherit)
    xTaskRemoveFromEventList                 0x00002c15   Thumb Code   230  tasks.o(.text.xTaskRemoveFromEventList)
    xTaskResumeAll                           0x00002cfd   Thumb Code   418  tasks.o(.text.xTaskResumeAll)
    xTimerCreateTimerTask                    0x00002ea1   Thumb Code   192  timers.o(.text.xTimerCreateTimerTask)
    _fp_init                                 0x00002f69   Thumb Code    26  fpinit.o(x$fpl$fpinit)
    __fplib_config_fpu_vfp                   0x00002f81   Thumb Code     0  fpinit.o(x$fpl$fpinit)
    __fplib_config_pureend_doubles           0x00002f81   Thumb Code     0  fpinit.o(x$fpl$fpinit)
    Region$$Table$$Base                      0x00002f88   Number         0  anon$$obj.o(Region$$Table)
    Region$$Table$$Limit                     0x00002fa8   Number         0  anon$$obj.o(Region$$Table)
    __libspace_start                         0x20000008   Data          96  libspace.o(.bss)
    DriverHandle                             0x20000068   Data           4  main.o(.bss.DriverHandle)
    __temporary_stack_top$libspace           0x20000068   Data           0  libspace.o(.bss)
    pxCurrentTCB                             0x200001bc   Data           4  tasks.o(.bss.pxCurrentTCB)
    xBinarySemaphore                         0x20001750   Data           4  main.o(.bss.xBinarySemaphore)
    xLockSemaphore                           0x2000178c   Data           4  main.o(.bss.xLockSemaphore)
    xMutex                                   0x20001790   Data           4  main.o(.bss.xMutex)
    xQueue                                   0x200017c8   Data           4  main.o(.bss.xQueue)



==============================================================================

Memory Map of the image

  Image Entry point : 0x00000339

  Load Region LR_1 (Base: 0x00000000, Size: 0x00002fac, Max: 0xffffffff, ABSOLUTE)

    Execution Region ER_RO (Exec base: 0x00000000, Load base: 0x00000000, Size: 0x00002fa8, Max: 0xffffffff, ABSOLUTE)

    Exec Addr    Load Addr    Size         Type   Attr      Idx    E Section Name        Object

    0x00000000   0x00000000   0x0000026c   Data   RO           43    RESET               startup_tm4c123.o
    0x0000026c   0x0000026c   0x00000008   Code   RO         1095  * !!!main             c_w.l(__main.o)
    0x00000274   0x00000274   0x0000005c   Code   RO         1264    !!!scatter          c_w.l(__scatter.o)
    0x000002d0   0x000002d0   0x0000001a   Code   RO         1268    !!handler_copy      c_w.l(__scatter_copy.o)
    0x000002ea   0x000002ea   0x00000002   PAD
    0x000002ec   0x000002ec   0x00000002   Code   RO         1265    !!handler_null      c_w.l(__scatter.o)
    0x000002ee   0x000002ee   0x00000002   PAD
    0x000002f0   0x000002f0   0x0000001c   Code   RO         1270    !!handler_zi        c_w.l(__scatter_zi.o)
    0x0000030c   0x0000030c   0x00000002   Code   RO         1126    .ARM.Collect$$libinit$$00000000  c_w.l(libinit.o)
    0x0000030e   0x0000030e   0x00000004   Code   RO         1132    .ARM.Collect$$libinit$$00000001  c_w.l(libinit2.o)
    0x00000312   0x00000312   0x00000000   Code   RO         1135    .ARM.Collect$$libinit$$00000004  c_w.l(libinit2.o)
    0x00000312   0x00000312   0x00000000   Code   RO         1137    .ARM.Collect$$libinit$$00000006  c_w.l(libinit2.o)
    0x00000312   0x00000312   0x00000000   Code   RO         1140    .ARM.Collect$$libinit$$0000000C  c_w.l(libinit2.o)
    0x00000312   0x00000312   0x00000000   Code   RO         1142    .ARM.Collect$$libinit$$0000000E  c_w.l(libinit2.o)
    0x00000312   0x00000312   0x00000000   Code   RO         1144    .ARM.Collect$$libinit$$00000010  c_w.l(libinit2.o)
    0x00000312   0x00000312   0x00000000   Code   RO         1147    .ARM.Collect$$libinit$$00000013  c_w.l(libinit2.o)
    0x00000312   0x00000312   0x00000000   Code   RO         1149    .ARM.Collect$$libinit$$00000015  c_w.l(libinit2.o)
    0x00000312   0x00000312   0x00000000   Code   RO         1151    .ARM.Collect$$libinit$$00000017  c_w.l(libinit2.o)
    0x00000312   0x00000312   0x00000000   Code   RO         1153    .ARM.Collect$$libinit$$00000019  c_w.l(libinit2.o)
    0x00000312   0x00000312   0x00000000   Code   RO         1155    .ARM.Collect$$libinit$$0000001B  c_w.l(libinit2.o)
    0x00000312   0x00000312   0x00000000   Code   RO         1157    .ARM.Collect$$libinit$$0000001D  c_w.l(libinit2.o)
    0x00000312   0x00000312   0x00000000   Code   RO         1159    .ARM.Collect$$libinit$$0000001F  c_w.l(libinit2.o)
    0x00000312   0x00000312   0x00000000   Code   RO         1161    .ARM.Collect$$libinit$$00000021  c_w.l(libinit2.o)
    0x00000312   0x00000312   0x00000000   Code   RO         1163    .ARM.Collect$$libinit$$00000023  c_w.l(libinit2.o)
    0x00000312   0x00000312   0x00000000   Code   RO         1165    .ARM.Collect$$libinit$$00000025  c_w.l(libinit2.o)
    0x00000312   0x00000312   0x00000000   Code   RO         1167    .ARM.Collect$$libinit$$00000027  c_w.l(libinit2.o)
    0x00000312   0x00000312   0x00000000   Code   RO         1171    .ARM.Collect$$libinit$$0000002E  c_w.l(libinit2.o)
    0x00000312   0x00000312   0x00000000   Code   RO         1173    .ARM.Collect$$libinit$$00000030  c_w.l(libinit2.o)
    0x00000312   0x00000312   0x00000000   Code   RO         1175    .ARM.Collect$$libinit$$00000032  c_w.l(libinit2.o)
    0x00000312   0x00000312   0x00000000   Code   RO         1177    .ARM.Collect$$libinit$$00000034  c_w.l(libinit2.o)
    0x00000312   0x00000312   0x00000002   Code   RO         1178    .ARM.Collect$$libinit$$00000035  c_w.l(libinit2.o)
    0x00000314   0x00000314   0x00000002   Code   RO         1200    .ARM.Collect$$libshutdown$$00000000  c_w.l(libshutdown.o)
    0x00000316   0x00000316   0x00000000   Code   RO         1215    .ARM.Collect$$libshutdown$$00000002  c_w.l(libshutdown2.o)
    0x00000316   0x00000316   0x00000000   Code   RO         1217    .ARM.Collect$$libshutdown$$00000004  c_w.l(libshutdown2.o)
    0x00000316   0x00000316   0x00000000   Code   RO         1220    .ARM.Collect$$libshutdown$$00000007  c_w.l(libshutdown2.o)
    0x00000316   0x00000316   0x00000000   Code   RO         1223    .ARM.Collect$$libshutdown$$0000000A  c_w.l(libshutdown2.o)
    0x00000316   0x00000316   0x00000000   Code   RO         1225    .ARM.Collect$$libshutdown$$0000000C  c_w.l(libshutdown2.o)
    0x00000316   0x00000316   0x00000000   Code   RO         1228    .ARM.Collect$$libshutdown$$0000000F  c_w.l(libshutdown2.o)
    0x00000316   0x00000316   0x00000002   Code   RO         1229    .ARM.Collect$$libshutdown$$00000010  c_w.l(libshutdown2.o)
    0x00000318   0x00000318   0x00000000   Code   RO         1097    .ARM.Collect$$rtentry$$00000000  c_w.l(__rtentry.o)
    0x00000318   0x00000318   0x00000000   Code   RO         1103    .ARM.Collect$$rtentry$$00000002  c_w.l(__rtentry2.o)
    0x00000318   0x00000318   0x00000006   Code   RO         1115    .ARM.Collect$$rtentry$$00000004  c_w.l(__rtentry4.o)
    0x0000031e   0x0000031e   0x00000000   Code   RO         1105    .ARM.Collect$$rtentry$$00000009  c_w.l(__rtentry2.o)
    0x0000031e   0x0000031e   0x00000004   Code   RO         1106    .ARM.Collect$$rtentry$$0000000A  c_w.l(__rtentry2.o)
    0x00000322   0x00000322   0x00000000   Code   RO         1108    .ARM.Collect$$rtentry$$0000000C  c_w.l(__rtentry2.o)
    0x00000322   0x00000322   0x00000008   Code   RO         1109    .ARM.Collect$$rtentry$$0000000D  c_w.l(__rtentry2.o)
    0x0000032a   0x0000032a   0x00000002   Code   RO         1130    .ARM.Collect$$rtexit$$00000000  c_w.l(rtexit.o)
    0x0000032c   0x0000032c   0x00000000   Code   RO         1180    .ARM.Collect$$rtexit$$00000002  c_w.l(rtexit2.o)
    0x0000032c   0x0000032c   0x00000004   Code   RO         1181    .ARM.Collect$$rtexit$$00000003  c_w.l(rtexit2.o)
    0x00000330   0x00000330   0x00000006   Code   RO         1182    .ARM.Collect$$rtexit$$00000004  c_w.l(rtexit2.o)
    0x00000336   0x00000336   0x00000002   PAD
    0x00000338   0x00000338   0x00000114   Code   RO           44  * .text               startup_tm4c123.o
    0x0000044c   0x0000044c   0x0000008a   Code   RO         1089    .text               c_w.l(rt_memcpy_v6.o)
    0x000004d6   0x000004d6   0x00000044   Code   RO         1091    .text               c_w.l(rt_memclr.o)
    0x0000051a   0x0000051a   0x00000006   Code   RO         1093    .text               c_w.l(heapauxi.o)
    0x00000520   0x00000520   0x00000064   Code   RO         1098    .text               c_w.l(rt_memcpy_w.o)
    0x00000584   0x00000584   0x0000004e   Code   RO         1100    .text               c_w.l(rt_memclr_w.o)
    0x000005d2   0x000005d2   0x0000004a   Code   RO         1117    .text               c_w.l(sys_stackheap_outer.o)
    0x0000061c   0x0000061c   0x00000012   Code   RO         1119    .text               c_w.l(exit.o)
    0x0000062e   0x0000062e   0x00000002   PAD
    0x00000630   0x00000630   0x00000008   Code   RO         1127    .text               c_w.l(libspace.o)
    0x00000638   0x00000638   0x0000000c   Code   RO         1190    .text               c_w.l(sys_exit.o)
    0x00000644   0x00000644   0x00000002   Code   RO         1205    .text               c_w.l(use_no_semi.o)
    0x00000646   0x00000646   0x00000000   Code   RO         1207    .text               c_w.l(indicate_semi.o)
    0x00000646   0x00000646   0x00000002   PAD
    0x00000648   0x00000648   0x0000005c   Code   RO           26    .text.GPIOA_Handler  main.o
    0x000006a4   0x000006a4   0x00000070   Code   RO           53    .text.SystemInit    system_tm4c123.o
    0x00000714   0x00000714   0x00000134   Code   RO           10    .text.driver        main.o
    0x00000848   0x00000848   0x00000078   Code   RO            4    .text.jamTask       main.o
    0x000008c0   0x000008c0   0x00000060   Code   RO            2    .text.lock          main.o
    0x00000920   0x00000920   0x000002e0   Code   RO           14    .text.main          main.o
    0x00000c00   0x00000c00   0x00000156   Code   RO           12    .text.passenger     main.o
    0x00000d56   0x00000d56   0x00000002   PAD
    0x00000d58   0x00000d58   0x000000ce   Code   RO          896    .text.prvAddCurrentTaskToDelayedList  tasks.o
    0x00000e26   0x00000e26   0x00000002   PAD
    0x00000e28   0x00000e28   0x00000130   Code   RO          886    .text.prvAddNewTaskToReadyList  tasks.o
    0x00000f58   0x00000f58   0x0000007a   Code   RO          924    .text.prvCheckTasksWaitingTermination  tasks.o
    0x00000fd2   0x00000fd2   0x00000002   PAD
    0x00000fd4   0x00000fd4   0x0000002a   Code   RO          994    .text.prvIdleTask   tasks.o
    0x00000ffe   0x00000ffe   0x00000002   PAD
    0x00001000   0x00001000   0x000000a4   Code   RO         1069    .text.prvProcessExpiredTimer  timers.o
    0x000010a4   0x000010a4   0x00000032   Code   RO          770    .text.prvTaskExitError  port.o
    0x000010d6   0x000010d6   0x00000002   PAD
    0x000010d8   0x000010d8   0x0000032e   Code   RO         1033    .text.prvTimerTask  timers.o
    0x00001406   0x00001406   0x00000002   PAD
    0x00001408   0x00001408   0x00000074   Code   RO          844    .text.prvUnlockQueue  queue.o
    0x0000147c   0x0000147c   0x0000006a   Code   RO          799    .text.pvPortMalloc  heap_1.o
    0x000014e6   0x000014e6   0x00000002   PAD
    0x000014e8   0x000014e8   0x00000018   Code   RO          972    .text.pvTaskIncrementMutexHeldCount  tasks.o
    0x00001500   0x00001500   0x00000024   Code   RO          768    .text.pxPortInitialiseStack  port.o
    0x00001524   0x00001524   0x00000062   Code   RO            8    .text.recieveQueue  main.o
    0x00001586   0x00001586   0x00000002   PAD
    0x00001588   0x00001588   0x00000022   Code   RO          758    .text.uxListRemove  list.o
    0x000015aa   0x000015aa   0x00000002   PAD
    0x000015ac   0x000015ac   0x0000000c   Code   RO          932    .text.uxTaskGetNumberOfTasks  tasks.o
    0x000015b8   0x000015b8   0x0000001e   Code   RO          902    .text.uxTaskPriorityGet  tasks.o
    0x000015d6   0x000015d6   0x00000002   PAD
    0x000015d8   0x000015d8   0x0000001a   Code   RO          990    .text.vApplicationGetTimerTaskMemory  tasks.o
    0x000015f2   0x000015f2   0x00000002   PAD
    0x000015f4   0x000015f4   0x00000018   Code   RO          750    .text.vListInitialise  list.o
    0x0000160c   0x0000160c   0x00000006   Code   RO          752    .text.vListInitialiseItem  list.o
    0x00001612   0x00001612   0x00000002   PAD
    0x00001614   0x00001614   0x0000003e   Code   RO          756    .text.vListInsert   list.o
    0x00001652   0x00001652   0x00000002   PAD
    0x00001654   0x00001654   0x00000046   Code   RO          782    .text.vPortEnterCritical  port.o
    0x0000169a   0x0000169a   0x00000002   PAD
    0x0000169c   0x0000169c   0x0000002e   Code   RO          784    .text.vPortExitCritical  port.o
    0x000016ca   0x000016ca   0x00000002   PAD
    0x000016cc   0x000016cc   0x0000001a   Code   RO          801    .text.vPortFree     heap_1.o
    0x000016e6   0x000016e6   0x0000000a   PAD
    0x000016f0   0x000016f0   0x00000024   Code   RO          772    .text.vPortSVCHandler  port.o
    0x00001714   0x00001714   0x00000036   Code   RO          788    .text.vPortValidateInterruptPriority  port.o
    0x0000174a   0x0000174a   0x00000002   PAD
    0x0000174c   0x0000174c   0x0000004e   Code   RO          874    .text.vQueueWaitForMessageRestricted  queue.o
    0x0000179a   0x0000179a   0x00000002   PAD
    0x0000179c   0x0000179c   0x000000d6   Code   RO          900    .text.vTaskDelay    tasks.o
    0x00001872   0x00001872   0x00000002   PAD
    0x00001874   0x00001874   0x0000001e   Code   RO          952    .text.vTaskInternalSetTimeOutState  tasks.o
    0x00001892   0x00001892   0x00000002   PAD
    0x00001894   0x00001894   0x0000000e   Code   RO          956    .text.vTaskMissedYield  tasks.o
    0x000018a2   0x000018a2   0x00000002   PAD
    0x000018a4   0x000018a4   0x0000003a   Code   RO          940    .text.vTaskPlaceOnEventList  tasks.o
    0x000018de   0x000018de   0x00000002   PAD
    0x000018e0   0x000018e0   0x0000006e   Code   RO          944    .text.vTaskPlaceOnEventListRestricted  tasks.o
    0x0000194e   0x0000194e   0x00000002   PAD
    0x00001950   0x00001950   0x000000c2   Code   RO          968    .text.vTaskPriorityDisinheritAfterTimeout  tasks.o
    0x00001a12   0x00001a12   0x00000002   PAD
    0x00001a14   0x00001a14   0x00000100   Code   RO          910    .text.vTaskPrioritySet  tasks.o
    0x00001b14   0x00001b14   0x000000b2   Code   RO          920    .text.vTaskStartScheduler  tasks.o
    0x00001bc6   0x00001bc6   0x00000002   PAD
    0x00001bc8   0x00001bc8   0x00000010   Code   RO          894    .text.vTaskSuspendAll  tasks.o
    0x00001bd8   0x00001bd8   0x000000a2   Code   RO          914    .text.vTaskSwitchContext  tasks.o
    0x00001c7a   0x00001c7a   0x00000006   PAD
    0x00001c80   0x00001c80   0x00000064   Code   RO          776    .text.xPortPendSVHandler  port.o
    0x00001ce4   0x00001ce4   0x000000c6   Code   RO          774    .text.xPortStartScheduler  port.o
    0x00001daa   0x00001daa   0x00000002   PAD
    0x00001dac   0x00001dac   0x00000078   Code   RO          828    .text.xQueueCreateMutex  queue.o
    0x00001e24   0x00001e24   0x0000008e   Code   RO          826    .text.xQueueGenericCreate  queue.o
    0x00001eb2   0x00001eb2   0x00000002   PAD
    0x00001eb4   0x00001eb4   0x000000cc   Code   RO          822    .text.xQueueGenericCreateStatic  queue.o
    0x00001f80   0x00001f80   0x0000021e   Code   RO          834    .text.xQueueGenericSend  queue.o
    0x0000219e   0x0000219e   0x00000002   PAD
    0x000021a0   0x000021a0   0x000000de   Code   RO          848    .text.xQueueGiveFromISR  queue.o
    0x0000227e   0x0000227e   0x00000002   PAD
    0x00002280   0x00002280   0x000001b0   Code   RO          850    .text.xQueueReceive  queue.o
    0x00002430   0x00002430   0x000001ca   Code   RO          838    .text.xQueueSemaphoreTake  queue.o
    0x000025fa   0x000025fa   0x00000002   PAD
    0x000025fc   0x000025fc   0x000000ba   Code   RO          954    .text.xTaskCheckForTimeOut  tasks.o
    0x000026b6   0x000026b6   0x00000002   PAD
    0x000026b8   0x000026b8   0x000000da   Code   RO          888    .text.xTaskCreate   tasks.o
    0x00002792   0x00002792   0x00000002   PAD
    0x00002794   0x00002794   0x000000fa   Code   RO          884    .text.xTaskCreateStatic  tasks.o
    0x0000288e   0x0000288e   0x00000002   PAD
    0x00002890   0x00002890   0x00000026   Code   RO          962    .text.xTaskGetSchedulerState  tasks.o
    0x000028b6   0x000028b6   0x00000002   PAD
    0x000028b8   0x000028b8   0x0000001c   Code   RO          928    .text.xTaskGetTickCount  tasks.o
    0x000028d4   0x000028d4   0x000001e0   Code   RO          926    .text.xTaskIncrementTick  tasks.o
    0x00002ab4   0x00002ab4   0x000000ae   Code   RO          966    .text.xTaskPriorityDisinherit  tasks.o
    0x00002b62   0x00002b62   0x00000002   PAD
    0x00002b64   0x00002b64   0x000000b0   Code   RO          964    .text.xTaskPriorityInherit  tasks.o
    0x00002c14   0x00002c14   0x000000e6   Code   RO          946    .text.xTaskRemoveFromEventList  tasks.o
    0x00002cfa   0x00002cfa   0x00000002   PAD
    0x00002cfc   0x00002cfc   0x000001a2   Code   RO          898    .text.xTaskResumeAll  tasks.o
    0x00002e9e   0x00002e9e   0x00000002   PAD
    0x00002ea0   0x00002ea0   0x000000c8   Code   RO         1031    .text.xTimerCreateTimerTask  timers.o
    0x00002f68   0x00002f68   0x0000001a   Code   RO         1188    x$fpl$fpinit        fz_wm.l(fpinit.o)
    0x00002f82   0x00002f82   0x00000002   PAD
    0x00002f84   0x00002f84   0x00000004   Data   RO         1011    .rodata.uxTopUsedPriority  tasks.o
    0x00002f88   0x00002f88   0x00000020   Data   RO         1263    Region$$Table       anon$$obj.o


    Execution Region ER_RW (Exec base: 0x20000000, Load base: 0x00002fa8, Size: 0x00000004, Max: 0xffffffff, ABSOLUTE)

    Exec Addr    Load Addr    Size         Type   Attr      Idx    E Section Name        Object

    0x20000000   0x00002fa8   0x00000004   Data   RW          790    .data.uxCriticalNesting  port.o


    Execution Region ER_ZI (Exec base: 0x20000008, Load base: 0x00002fac, Size: 0x00001a10, Max: 0xffffffff, ABSOLUTE)

    Exec Addr    Load Addr    Size         Type   Attr      Idx    E Section Name        Object

    0x20000008        -       0x00000060   Zero   RW         1128    .bss                c_w.l(libspace.o)
    0x20000068        -       0x00000004   Zero   RW           29    .bss.DriverHandle   main.o
    0x2000006c        -       0x000000f0   Zero   RW         1079    .bss.prvCheckForValidListAndQueue.ucStaticTimerQueueStorage  timers.o
    0x2000015c   0x00002fac   0x00000004   PAD
    0x20000160        -       0x00000050   Zero   RW         1078    .bss.prvCheckForValidListAndQueue.xStaticTimerQueue  timers.o
    0x200001b0        -       0x00000008   Zero   RW         1075    .bss.prvSampleTimeNow.xLastTime  timers.o
    0x200001b8        -       0x00000004   Zero   RW          809    .bss.pvPortMalloc.pucAlignedHeap  heap_1.o
    0x200001bc        -       0x00000004   Zero   RW          996    .bss.pxCurrentTCB   tasks.o
    0x200001c0        -       0x00000004   Zero   RW         1073    .bss.pxCurrentTimerList  timers.o
    0x200001c4        -       0x00000004   Zero   RW         1013    .bss.pxDelayedTaskList  tasks.o
    0x200001c8        -       0x00000004   Zero   RW         1014    .bss.pxOverflowDelayedTaskList  tasks.o
    0x200001cc        -       0x00000004   Zero   RW         1074    .bss.pxOverflowTimerList  timers.o
    0x200001d0        -       0x00000078   Zero   RW         1004    .bss.pxReadyTasksLists  tasks.o
    0x20000248        -       0x00001000   Zero   RW          810    .bss.ucHeap         heap_1.o
    0x20001248        -       0x00000004   Zero   RW         1001    .bss.uxCurrentNumberOfTasks  tasks.o
    0x2000124c        -       0x00000004   Zero   RW         1000    .bss.uxDeletedTasksWaitingCleanUp  tasks.o
    0x20001250        -       0x00000004   Zero   RW         1002    .bss.uxSchedulerSuspended  tasks.o
    0x20001254        -       0x00000004   Zero   RW          997    .bss.uxTaskNumber   tasks.o
    0x20001258        -       0x00000004   Zero   RW         1005    .bss.uxTopReadyPriority  tasks.o
    0x2000125c        -       0x00000200   Zero   RW         1017    .bss.vApplicationGetIdleTaskMemory.uxIdleTaskStack  tasks.o
    0x2000145c   0x00002fac   0x00000004   PAD
    0x20001460        -       0x00000060   Zero   RW         1016    .bss.vApplicationGetIdleTaskMemory.xIdleTaskTCB  tasks.o
    0x200014c0        -       0x00000200   Zero   RW         1019    .bss.vApplicationGetTimerTaskMemory.uxTimerTaskStack  tasks.o
    0x200016c0        -       0x00000060   Zero   RW         1018    .bss.vApplicationGetTimerTaskMemory.xTimerTaskTCB  tasks.o
    0x20001720        -       0x00000018   Zero   RW         1076    .bss.xActiveTimerList1  timers.o
    0x20001738        -       0x00000018   Zero   RW         1077    .bss.xActiveTimerList2  timers.o
    0x20001750        -       0x00000004   Zero   RW           30    .bss.xBinarySemaphore  main.o
    0x20001754   0x00002fac   0x00000004   PAD
    0x20001758        -       0x00000018   Zero   RW         1020    .bss.xDelayedTaskList1  tasks.o
    0x20001770        -       0x00000018   Zero   RW         1021    .bss.xDelayedTaskList2  tasks.o
    0x20001788        -       0x00000004   Zero   RW         1010    .bss.xIdleTaskHandles.0  tasks.o
    0x2000178c        -       0x00000004   Zero   RW           28    .bss.xLockSemaphore  main.o
    0x20001790        -       0x00000004   Zero   RW           32    .bss.xMutex         main.o
    0x20001794        -       0x00000004   Zero   RW          811    .bss.xNextFreeByte  heap_1.o
    0x20001798        -       0x00000008   Zero   RW         1009    .bss.xNextTaskUnblockTime  tasks.o
    0x200017a0        -       0x00000004   Zero   RW         1015    .bss.xNumOfOverflows  tasks.o
    0x200017a4   0x00002fac   0x00000004   PAD
    0x200017a8        -       0x00000008   Zero   RW         1012    .bss.xPendedTicks   tasks.o
    0x200017b0        -       0x00000018   Zero   RW         1008    .bss.xPendingReadyList  tasks.o
    0x200017c8        -       0x00000004   Zero   RW           31    .bss.xQueue         main.o
    0x200017cc        -       0x00000004   Zero   RW          998    .bss.xSchedulerRunning  tasks.o
    0x200017d0        -       0x00000018   Zero   RW         1006    .bss.xSuspendedTaskList  tasks.o
    0x200017e8        -       0x00000018   Zero   RW          999    .bss.xTasksWaitingTermination  tasks.o
    0x20001800        -       0x00000008   Zero   RW         1003    .bss.xTickCount     tasks.o
    0x20001808        -       0x00000004   Zero   RW         1071    .bss.xTimerQueue    timers.o
    0x2000180c        -       0x00000004   Zero   RW         1072    .bss.xTimerTaskHandle  timers.o
    0x20001810        -       0x00000004   Zero   RW         1007    .bss.xYieldPendings  tasks.o
    0x20001814   0x00002fac   0x00000004   PAD
    0x20001818        -       0x00000000   Zero   RW           42    HEAP                startup_tm4c123.o
    0x20001818        -       0x00000200   Zero   RW           41    STACK               startup_tm4c123.o


==============================================================================

Image component sizes


      Code (inc. data)   RO Data    RW Data    ZI Data      Debug   Object Name

       132          0          0          0       4104       1931   heap_1.o
       126          0          0          0          0       2295   list.o
      1792         52          0          0         20       3844   main.o
       590          8          0          4          0       3890   port.o
      2314          0          0          0          0      24210   queue.o
       276         24        620          0        512       5444   startup_tm4c123.o
       112          0          0          0          0       6470   system_tm4c123.o
      4196          0          4          0       1528      35856   tasks.o
      1178         18          0          0        392      15513   timers.o

    ----------------------------------------------------------------------
     10804        102        656          4       6576      99453   Object Totals
         0          0         32          0          0          0   (incl. Generated)
        88          0          0          0         20          0   (incl. Padding)

    ----------------------------------------------------------------------

      Code (inc. data)   RO Data    RW Data    ZI Data      Debug   Library Member Name

         8          0          0          0          0         68   __main.o
         0          0          0          0          0          0   __rtentry.o
        12          0          0          0          0          0   __rtentry2.o
         6          0          0          0          0          0   __rtentry4.o
        94          8          0          0          0          0   __scatter.o
        26          0          0          0          0          0   __scatter_copy.o
        28          0          0          0          0          0   __scatter_zi.o
        18          0          0          0          0         80   exit.o
         6          0          0          0          0        152   heapauxi.o
         0          0          0          0          0          0   indicate_semi.o
         2          0          0          0          0          0   libinit.o
         6          0          0          0          0          0   libinit2.o
         2          0          0          0          0          0   libshutdown.o
         2          0          0          0          0          0   libshutdown2.o
         8          4          0          0         96         68   libspace.o
        68          0          0          0          0         68   rt_memclr.o
        78          0          0          0          0         80   rt_memclr_w.o
       138          0          0          0          0         68   rt_memcpy_v6.o
       100          0          0          0          0         80   rt_memcpy_w.o
         2          0          0          0          0          0   rtexit.o
        10          0          0          0          0          0   rtexit2.o
        12          4          0          0          0         68   sys_exit.o
        74          0          0          0          0         80   sys_stackheap_outer.o
         2          0          0          0          0         68   use_no_semi.o
        26          0          0          0          0        116   fpinit.o

    ----------------------------------------------------------------------
       740         16          0          0         96        996   Library Totals
        12          0          0          0          0          0   (incl. Padding)

    ----------------------------------------------------------------------

      Code (inc. data)   RO Data    RW Data    ZI Data      Debug   Library Name

       702         16          0          0         96        880   c_w.l
        26          0          0          0          0        116   fz_wm.l

    ----------------------------------------------------------------------
       740         16          0          0         96        996   Library Totals

    ----------------------------------------------------------------------

==============================================================================


      Code (inc. data)   RO Data    RW Data    ZI Data      Debug   

     11544        118        656          4       6672     100013   Grand Totals
     11544        118        656          4       6672     100013   ELF Image Totals
     11544        118        656          4          0          0   ROM Totals

==============================================================================

    Total RO  Size (Code + RO Data)                12200 (  11.91kB)
    Total RW  Size (RW Data + ZI Data)              6676 (   6.52kB)
    Total ROM Size (Code + RO Data + RW Data)      12204 (  11.92kB)

==============================================================================

